Archive member included to satisfy reference by file (symbol)

c:/program files (x86)/gnu arm embedded toolchain/10 2021.07/bin/../lib/gcc/arm-none-eabi/10.3.1/../../../../arm-none-eabi/lib/thumb/v7e-m+fp/hard\libc_nano.a(lib_a-errno.o)
                              Debug/sysmem.o (__errno)
c:/program files (x86)/gnu arm embedded toolchain/10 2021.07/bin/../lib/gcc/arm-none-eabi/10.3.1/../../../../arm-none-eabi/lib/thumb/v7e-m+fp/hard\libc_nano.a(lib_a-exit.o)
                              c:/program files (x86)/gnu arm embedded toolchain/10 2021.07/bin/../lib/gcc/arm-none-eabi/10.3.1/../../../../arm-none-eabi/lib/thumb/v7e-m+fp/hard/crt0.o (exit)
c:/program files (x86)/gnu arm embedded toolchain/10 2021.07/bin/../lib/gcc/arm-none-eabi/10.3.1/../../../../arm-none-eabi/lib/thumb/v7e-m+fp/hard\libc_nano.a(lib_a-impure.o)
                              c:/program files (x86)/gnu arm embedded toolchain/10 2021.07/bin/../lib/gcc/arm-none-eabi/10.3.1/../../../../arm-none-eabi/lib/thumb/v7e-m+fp/hard\libc_nano.a(lib_a-exit.o) (_global_impure_ptr)
c:/program files (x86)/gnu arm embedded toolchain/10 2021.07/bin/../lib/gcc/arm-none-eabi/10.3.1/../../../../arm-none-eabi/lib/thumb/v7e-m+fp/hard\libc_nano.a(lib_a-init.o)
                              c:/program files (x86)/gnu arm embedded toolchain/10 2021.07/bin/../lib/gcc/arm-none-eabi/10.3.1/../../../../arm-none-eabi/lib/thumb/v7e-m+fp/hard/crt0.o (__libc_init_array)
c:/program files (x86)/gnu arm embedded toolchain/10 2021.07/bin/../lib/gcc/arm-none-eabi/10.3.1/../../../../arm-none-eabi/lib/thumb/v7e-m+fp/hard\libc_nano.a(lib_a-memset.o)
                              c:/program files (x86)/gnu arm embedded toolchain/10 2021.07/bin/../lib/gcc/arm-none-eabi/10.3.1/../../../../arm-none-eabi/lib/thumb/v7e-m+fp/hard/crt0.o (memset)
c:/program files (x86)/gnu arm embedded toolchain/10 2021.07/bin/../lib/gcc/arm-none-eabi/10.3.1/../../../../arm-none-eabi/lib/thumb/v7e-m+fp/hard\libc_nano.a(lib_a-puts.o)
                              Debug/myscheduler.o (puts)
c:/program files (x86)/gnu arm embedded toolchain/10 2021.07/bin/../lib/gcc/arm-none-eabi/10.3.1/../../../../arm-none-eabi/lib/thumb/v7e-m+fp/hard\libc_nano.a(lib_a-wbuf.o)
                              c:/program files (x86)/gnu arm embedded toolchain/10 2021.07/bin/../lib/gcc/arm-none-eabi/10.3.1/../../../../arm-none-eabi/lib/thumb/v7e-m+fp/hard\libc_nano.a(lib_a-puts.o) (__swbuf_r)
c:/program files (x86)/gnu arm embedded toolchain/10 2021.07/bin/../lib/gcc/arm-none-eabi/10.3.1/../../../../arm-none-eabi/lib/thumb/v7e-m+fp/hard\libc_nano.a(lib_a-wsetup.o)
                              c:/program files (x86)/gnu arm embedded toolchain/10 2021.07/bin/../lib/gcc/arm-none-eabi/10.3.1/../../../../arm-none-eabi/lib/thumb/v7e-m+fp/hard\libc_nano.a(lib_a-puts.o) (__swsetup_r)
c:/program files (x86)/gnu arm embedded toolchain/10 2021.07/bin/../lib/gcc/arm-none-eabi/10.3.1/../../../../arm-none-eabi/lib/thumb/v7e-m+fp/hard\libc_nano.a(lib_a-fflush.o)
                              c:/program files (x86)/gnu arm embedded toolchain/10 2021.07/bin/../lib/gcc/arm-none-eabi/10.3.1/../../../../arm-none-eabi/lib/thumb/v7e-m+fp/hard\libc_nano.a(lib_a-wbuf.o) (_fflush_r)
c:/program files (x86)/gnu arm embedded toolchain/10 2021.07/bin/../lib/gcc/arm-none-eabi/10.3.1/../../../../arm-none-eabi/lib/thumb/v7e-m+fp/hard\libc_nano.a(lib_a-findfp.o)
                              c:/program files (x86)/gnu arm embedded toolchain/10 2021.07/bin/../lib/gcc/arm-none-eabi/10.3.1/../../../../arm-none-eabi/lib/thumb/v7e-m+fp/hard\libc_nano.a(lib_a-puts.o) (__sinit)
c:/program files (x86)/gnu arm embedded toolchain/10 2021.07/bin/../lib/gcc/arm-none-eabi/10.3.1/../../../../arm-none-eabi/lib/thumb/v7e-m+fp/hard\libc_nano.a(lib_a-fwalk.o)
                              c:/program files (x86)/gnu arm embedded toolchain/10 2021.07/bin/../lib/gcc/arm-none-eabi/10.3.1/../../../../arm-none-eabi/lib/thumb/v7e-m+fp/hard\libc_nano.a(lib_a-findfp.o) (_fwalk)
c:/program files (x86)/gnu arm embedded toolchain/10 2021.07/bin/../lib/gcc/arm-none-eabi/10.3.1/../../../../arm-none-eabi/lib/thumb/v7e-m+fp/hard\libc_nano.a(lib_a-lock.o)
                              c:/program files (x86)/gnu arm embedded toolchain/10 2021.07/bin/../lib/gcc/arm-none-eabi/10.3.1/../../../../arm-none-eabi/lib/thumb/v7e-m+fp/hard\libc_nano.a(lib_a-findfp.o) (__retarget_lock_init_recursive)
c:/program files (x86)/gnu arm embedded toolchain/10 2021.07/bin/../lib/gcc/arm-none-eabi/10.3.1/../../../../arm-none-eabi/lib/thumb/v7e-m+fp/hard\libc_nano.a(lib_a-makebuf.o)
                              c:/program files (x86)/gnu arm embedded toolchain/10 2021.07/bin/../lib/gcc/arm-none-eabi/10.3.1/../../../../arm-none-eabi/lib/thumb/v7e-m+fp/hard\libc_nano.a(lib_a-wsetup.o) (__smakebuf_r)
c:/program files (x86)/gnu arm embedded toolchain/10 2021.07/bin/../lib/gcc/arm-none-eabi/10.3.1/../../../../arm-none-eabi/lib/thumb/v7e-m+fp/hard\libc_nano.a(lib_a-nano-freer.o)
[...]
Memory Configuration

Name             Origin             Length             Attributes
CCMRAM           0x10000000         0x00004000         xrw
RAM              0x20000000         0x00010000         xrw
FLASH            0x08000000         0x00080000         xr
*default*        0x00000000         0xffffffff

Linker script and memory map

LOAD c:/program files (x86)/gnu arm embedded toolchain/10 2021.07/bin/../lib/gcc/arm-none-eabi/10.3.1/thumb/v7e-m+fp/hard/crti.o
LOAD c:/program files (x86)/gnu arm embedded toolchain/10 2021.07/bin/../lib/gcc/arm-none-eabi/10.3.1/thumb/v7e-m+fp/hard/crtbegin.o
LOAD c:/program files (x86)/gnu arm embedded toolchain/10 2021.07/bin/../lib/gcc/arm-none-eabi/10.3.1/../../../../arm-none-eabi/lib/thumb/v7e-m+fp/hard/crt0.o
LOAD Debug/myusart.o
LOAD Debug/sysmem.o
LOAD Debug/syscalls.o
LOAD Debug/main.o
LOAD Debug/myscheduler.o
LOAD Debug/startup_stm32f303zetx.o
LOAD c:/program files (x86)/gnu arm embedded toolchain/10 2021.07/bin/../lib/gcc/arm-none-eabi/10.3.1/../../../../arm-none-eabi/lib/thumb/v7e-m+fp/hard\libc_nano.a
LOAD c:/program files (x86)/gnu arm embedded toolchain/10 2021.07/bin/../lib/gcc/arm-none-eabi/10.3.1/../../../../arm-none-eabi/lib/thumb/v7e-m+fp/hard\libm.a
LOAD c:/program files (x86)/gnu arm embedded toolchain/10 2021.07/bin/../lib/gcc/arm-none-eabi/10.3.1/../../../../arm-none-eabi/lib/thumb/v7e-m+fp/hard\libnosys.a
START GROUP
LOAD c:/program files (x86)/gnu arm embedded toolchain/10 2021.07/bin/../lib/gcc/arm-none-eabi/10.3.1/thumb/v7e-m+fp/hard\libgcc.a
LOAD c:/program files (x86)/gnu arm embedded toolchain/10 2021.07/bin/../lib/gcc/arm-none-eabi/10.3.1/../../../../arm-none-eabi/lib/thumb/v7e-m+fp/hard\libc_nano.a
END GROUP
START GROUP
LOAD c:/program files (x86)/gnu arm embedded toolchain/10 2021.07/bin/../lib/gcc/arm-none-eabi/10.3.1/thumb/v7e-m+fp/hard\libgcc.a
LOAD c:/program files (x86)/gnu arm embedded toolchain/10 2021.07/bin/../lib/gcc/arm-none-eabi/10.3.1/../../../../arm-none-eabi/lib/thumb/v7e-m+fp/hard\libc_nano.a
END GROUP
LOAD c:/program files (x86)/gnu arm embedded toolchain/10 2021.07/bin/../lib/gcc/arm-none-eabi/10.3.1/thumb/v7e-m+fp/hard/crtend.o
LOAD c:/program files (x86)/gnu arm embedded toolchain/10 2021.07/bin/../lib/gcc/arm-none-eabi/10.3.1/thumb/v7e-m+fp/hard/crtn.o
                0x20010000                _estack = (ORIGIN (RAM) + LENGTH (RAM))
                0x00000200                _Min_Heap_Size = 0x200
                0x00000400                _Min_Stack_Size = 0x400

.isr_vector     0x08000000      0x194
                0x08000000                . = ALIGN (0x4)
 *(.isr_vector)
 .isr_vector    0x08000000      0x194 Debug/startup_stm32f303zetx.o
                0x08000000                g_pfnVectors
                0x08000194                . = ALIGN (0x4)

.text           0x08000194     0x100c
                0x08000194                . = ALIGN (0x4)
 *(.text)
 .text          0x08000194       0x40 c:/program files (x86)/gnu arm embedded toolchain/10 2021.07/bin/../lib/gcc/arm-none-eabi/10.3.1/thumb/v7e-m+fp/hard/crtbegin.o
 *(.text*)
 .text.MYUSART_Init
                0x080001d4       0x8c Debug/myusart.o
                0x080001d4                MYUSART_Init
 .text.MYUSART_SendData
                0x08000260       0x60 Debug/myusart.o
                0x08000260                MYUSART_SendData
 .text.MYUSART_ReceiveData
                0x080002c0       0x40 Debug/myusart.o
                0x080002c0                MYUSART_ReceiveData
 .text._write   0x08000300       0x30 Debug/myusart.o
                0x08000300                _write
 .text._read    0x08000330       0x5c Debug/myusart.o
                0x08000330                _read
 .text._sbrk    0x0800038c       0x6c Debug/sysmem.o
                0x0800038c                _sbrk
 .text._close   0x080003f8       0x18 Debug/syscalls.o
                0x080003f8                _close
 .text._fstat   0x08000410       0x20 Debug/syscalls.o
                0x08000410                _fstat
 .text._isatty  0x08000430       0x16 Debug/syscalls.o
                0x08000430                _isatty
 .text._lseek   0x08000446       0x1a Debug/syscalls.o
                0x08000446                _lseek
 .text.main     0x08000460       0x28 Debug/main.o
                0x08000460                main
 .text.SysTick_Handler
                0x08000488       0x40 Debug/myscheduler.o
                0x08000488                SysTick_Handler
 .text.HardFault_Handler
                0x080004c8       0x10 Debug/myscheduler.o
                0x080004c8                HardFault_Handler
 .text.MemManage_Handler
                0x080004d8       0x10 Debug/myscheduler.o
                0x080004d8                MemManage_Handler
 .text.BusFault_Handler
                0x080004e8       0x10 Debug/myscheduler.o
                0x080004e8                BusFault_Handler
 .text.UsageFault_Handler
                0x080004f8       0x10 Debug/myscheduler.o
                0x080004f8                UsageFault_Handler
 .text.SysTick_Timer_Init
                0x08000508       0x34 Debug/myscheduler.o
                0x08000508                SysTick_Timer_Init
 .text.Task_Stack_Init
                0x0800053c       0xbc Debug/myscheduler.o
                0x0800053c                Task_Stack_Init
 .text.Enable_processor_fault
                0x080005f8       0x20 Debug/myscheduler.o
                0x080005f8                Enable_processor_fault
 .text.sp_to_psp
                0x08000618       0x18 Debug/myscheduler.o
                0x08000618                sp_to_psp
 .text.Schedueler_MSP_Init
                0x08000630        0xa Debug/myscheduler.o
                0x08000630                Schedueler_MSP_Init
 *fill*         0x0800063a        0x2 
 .text.save_PSP_val
                0x0800063c       0x2c Debug/myscheduler.o
                0x0800063c                save_PSP_val
 .text.update_next_task
                0x08000668       0x2c Debug/myscheduler.o
                0x08000668                update_next_task
 .text.task1_handler
                0x08000694       0x10 Debug/myscheduler.o
                0x08000694                task1_handler
 .text.task2_handler
                0x080006a4       0x10 Debug/myscheduler.o
                0x080006a4                task2_handler
 .text.task3_handler
                0x080006b4       0x10 Debug/myscheduler.o
                0x080006b4                task3_handler
 .text.task4_handler
                0x080006c4       0x10 Debug/myscheduler.o
                0x080006c4                task4_handler
 .text.Reset_Handler
                0x080006d4       0x50 Debug/startup_stm32f303zetx.o
                0x080006d4                Reset_Handler
 .text.Default_Handler
                0x08000724        0x2 Debug/startup_stm32f303zetx.o
                0x08000724                TIM8_TRG_COM_IRQHandler
                0x08000724                TIM8_CC_IRQHandler
                0x08000724                DebugMon_Handler
                0x08000724                DMA1_CH4_IRQHandler
                0x08000724                SPI4_IRQHandler
                0x08000724                TIM1_CC_IRQHandler
                0x08000724                USB_HP_IRQHandler
                0x08000724                I2C2_EV_EXTI24_IRQHandler
                0x08000724                USB_WKUP_EXTI_IRQHandler
                0x08000724                PVD_IRQHandler
                0x08000724                UART4_EXTI34_IRQHandler
                0x08000724                TAMP_STAMP_IRQHandler
                0x08000724                PendSV_Handler
                0x08000724                NMI_Handler
                0x08000724                EXTI3_IRQHandler
                0x08000724                I2C3_ER_IRQHandler
                0x08000724                TIM6_DACUNDER_IRQHandler
                0x08000724                USB_HP_CAN_TX_IRQHandler
                0x08000724                EXTI0_IRQHandler
                0x08000724                DMA2_CH1_IRQHandler
                0x08000724                FPU_IRQHandler
                0x08000724                TIM1_UP_TIM16_IRQHandler
                0x08000724                ADC1_2_IRQHandler
                0x08000724                SPI1_IRQHandler
                0x08000724                CAN_SCE_IRQHandler
                0x08000724                DMA1_CH7_IRQHandler
                0x08000724                TIM8_UP_IRQHandler
                0x08000724                COMP456_IRQHandler
                0x08000724                DMA1_CH6_IRQHandler
                0x08000724                TIM20_TRG_COM_IRQHandler
                0x08000724                ADC3_IRQHandler
                0x08000724                TIM4_IRQHandler
                0x08000724                CAN_RX1_IRQHandler
                0x08000724                USART1_EXTI25_IRQHandler
                0x08000724                DMA2_CH5_IRQHandler
                0x08000724                I2C1_EV_EXTI23_IRQHandler
                0x08000724                DMA1_CH3_IRQHandler
                0x08000724                TIM3_IRQHandler
                0x08000724                RCC_IRQHandler
                0x08000724                TIM20_UP_IRQHandler
                0x08000724                Default_Handler
                0x08000724                EXTI15_10_IRQHandler
                0x08000724                USART2_EXTI26_IRQHandler
                0x08000724                USART3_EXTI28_IRQHandler
                0x08000724                TIM7_IRQHandler
                0x08000724                I2C3_EV_IRQHandler
                0x08000724                EXTI9_5_IRQHandler
                0x08000724                DMA1_CH2_IRQHandler
                0x08000724                RTC_WKUP_IRQHandler
                0x08000724                SPI2_IRQHandler
                0x08000724                DMA1_CH1_IRQHandler
                0x08000724                USB_LP_CAN_RX0_IRQHandler
                0x08000724                COMP123_IRQHandler
                0x08000724                SVC_Handler
                0x08000724                USB_LP_IRQHandler
                0x08000724                EXTI4_IRQHandler
                0x08000724                TIM1_TRG_COM_TIM17_IRQHandler
                0x08000724                ADC4_IRQHandler
                0x08000724                WWDG_IRQHandler
                0x08000724                TIM2_IRQHandler
                0x08000724                COMP7_IRQHandler
                0x08000724                EXTI1_IRQHandler
                0x08000724                RTCAlarm_IRQHandler
                0x08000724                UART5_EXTI35_IRQHandler
                0x08000724                TIM20_BRK_IRQHandler
                0x08000724                I2C2_ER_IRQHandler
                0x08000724                TIM8_BRK_IRQHandler
                0x08000724                FLASH_IRQHandler
                0x08000724                TIM20_CC_IRQHandler
                0x08000724                SPI3_IRQHandler
                0x08000724                DMA2_CH3_IRQHandler
                0x08000724                DMA2_CH2_IRQHandler
                0x08000724                I2C1_ER_IRQHandler
                0x08000724                FMC_IRQHandler
                0x08000724                DMA1_CH5_IRQHandler
                0x08000724                DMA2_CH4_IRQHandler
                0x08000724                USB_WKUP_IRQHandler
                0x08000724                EXTI2_TSC_IRQHandler
                0x08000724                TIM1_BRK_TIM15_IRQHandler
 *fill*         0x08000726        0x2 
 .text.__errno  0x08000728        0xc c:/program files (x86)/gnu arm embedded toolchain/10 2021.07/bin/../lib/gcc/arm-none-eabi/10.3.1/../../../../arm-none-eabi/lib/thumb/v7e-m+fp/hard\libc_nano.a(lib_a-errno.o)
                0x08000728                __errno
 .text.__libc_init_array
                0x08000734       0x48 c:/program files (x86)/gnu arm embedded toolchain/10 2021.07/bin/../lib/gcc/arm-none-eabi/10.3.1/../../../../arm-none-eabi/lib/thumb/v7e-m+fp/hard\libc_nano.a(lib_a-init.o)
                0x08000734                __libc_init_array
 .text.memset   0x0800077c       0x10 c:/program files (x86)/gnu arm embedded toolchain/10 2021.07/bin/../lib/gcc/arm-none-eabi/10.3.1/../../../../arm-none-eabi/lib/thumb/v7e-m+fp/hard\libc_nano.a(lib_a-memset.o)
                0x0800077c                memset
 .text._puts_r  0x0800078c       0xdc c:/program files (x86)/gnu arm embedded toolchain/10 2021.07/bin/../lib/gcc/arm-none-eabi/10.3.1/../../../../arm-none-eabi/lib/thumb/v7e-m+fp/hard\libc_nano.a(lib_a-puts.o)
                0x0800078c                _puts_r
 .text.puts     0x08000868       0x10 c:/program files (x86)/gnu arm embedded toolchain/10 2021.07/bin/../lib/gcc/arm-none-eabi/10.3.1/../../../../arm-none-eabi/lib/thumb/v7e-m+fp/hard\libc_nano.a(lib_a-puts.o)
                0x08000868                puts
 .text.__swbuf_r
                0x08000878       0xa4 c:/program files (x86)/gnu arm embedded toolchain/10 2021.07/bin/../lib/gcc/arm-none-eabi/10.3.1/../../../../arm-none-eabi/lib/thumb/v7e-m+fp/hard\libc_nano.a(lib_a-wbuf.o)
                0x08000878                __swbuf_r
 .text.__swsetup_r
                0x0800091c       0xdc c:/program files (x86)/gnu arm embedded toolchain/10 2021.07/bin/../lib/gcc/arm-none-eabi/10.3.1/../../../../arm-none-eabi/lib/thumb/v7e-m+fp/hard\libc_nano.a(lib_a-wsetup.o)
                0x0800091c                __swsetup_r
 .text.__sflush_r
                0x080009f8      0x10c c:/program files (x86)/gnu arm embedded toolchain/10 2021.07/bin/../lib/gcc/arm-none-eabi/10.3.1/../../../../arm-none-eabi/lib/thumb/v7e-m+fp/hard\libc_nano.a(lib_a-fflush.o)
                0x080009f8                __sflush_r
 .text._fflush_r
                0x08000b04       0x78 c:/program files (x86)/gnu arm embedded toolchain/10 2021.07/bin/../lib/gcc/arm-none-eabi/10.3.1/../../../../arm-none-eabi/lib/thumb/v7e-m+fp/hard\libc_nano.a(lib_a-fflush.o)
                0x08000b04                _fflush_r
 .text.std      0x08000b7c       0x48 c:/program files (x86)/gnu arm embedded toolchain/10 2021.07/bin/../lib/gcc/arm-none-eabi/10.3.1/../../../../arm-none-eabi/lib/thumb/v7e-m+fp/hard\libc_nano.a(lib_a-findfp.o)
 .text._cleanup_r
                0x08000bc4        0xc c:/program files (x86)/gnu arm embedded toolchain/10 2021.07/bin/../lib/gcc/arm-none-eabi/10.3.1/../../../../arm-none-eabi/lib/thumb/v7e-m+fp/hard\libc_nano.a(lib_a-findfp.o)
                0x08000bc4                _cleanup_r
 .text.__sfmoreglue
                0x08000bd0       0x2c c:/program files (x86)/gnu arm embedded toolchain/10 2021.07/bin/../lib/gcc/arm-none-eabi/10.3.1/../../../../arm-none-eabi/lib/thumb/v7e-m+fp/hard\libc_nano.a(lib_a-findfp.o)
                0x08000bd0                __sfmoreglue
 .text.__sfp_lock_acquire
                0x08000bfc        0xc c:/program files (x86)/gnu arm embedded toolchain/10 2021.07/bin/../lib/gcc/arm-none-eabi/10.3.1/../../../../arm-none-eabi/lib/thumb/v7e-m+fp/hard\libc_nano.a(lib_a-findfp.o)
                0x08000bfc                __sfp_lock_acquire
 .text.__sfp_lock_release
                0x08000c08        0xc c:/program files (x86)/gnu arm embedded toolchain/10 2021.07/bin/../lib/gcc/arm-none-eabi/10.3.1/../../../../arm-none-eabi/lib/thumb/v7e-m+fp/hard\libc_nano.a(lib_a-findfp.o)
                0x08000c08                __sfp_lock_release
 .text.__sinit_lock_acquire
                0x08000c14        0xc c:/program files (x86)/gnu arm embedded toolchain/10 2021.07/bin/../lib/gcc/arm-none-eabi/10.3.1/../../../../arm-none-eabi/lib/thumb/v7e-m+fp/hard\libc_nano.a(lib_a-findfp.o)
                0x08000c14                __sinit_lock_acquire
 .text.__sinit_lock_release
                0x08000c20        0xc c:/program files (x86)/gnu arm embedded toolchain/10 2021.07/bin/../lib/gcc/arm-none-eabi/10.3.1/../../../../arm-none-eabi/lib/thumb/v7e-m+fp/hard\libc_nano.a(lib_a-findfp.o)
                0x08000c20                __sinit_lock_release
 .text.__sinit  0x08000c2c       0x70 c:/program files (x86)/gnu arm embedded toolchain/10 2021.07/bin/../lib/gcc/arm-none-eabi/10.3.1/../../../../arm-none-eabi/lib/thumb/v7e-m+fp/hard\libc_nano.a(lib_a-findfp.o)
                0x08000c2c                __sinit
 .text.__sfp    0x08000c9c       0x8c c:/program files (x86)/gnu arm embedded toolchain/10 2021.07/bin/../lib/gcc/arm-none-eabi/10.3.1/../../../../arm-none-eabi/lib/thumb/v7e-m+fp/hard\libc_nano.a(lib_a-findfp.o)
                0x08000c9c                __sfp
 .text._fwalk_reent
                0x08000d28       0x3e c:/program files (x86)/gnu arm embedded toolchain/10 2021.07/bin/../lib/gcc/arm-none-eabi/10.3.1/../../../../arm-none-eabi/lib/thumb/v7e-m+fp/hard\libc_nano.a(lib_a-fwalk.o)
                0x08000d28                _fwalk_reent
 .text.__retarget_lock_init_recursive
                0x08000d66        0x2 c:/program files (x86)/gnu arm embedded toolchain/10 2021.07/bin/../lib/gcc/arm-none-eabi/10.3.1/../../../../arm-none-eabi/lib/thumb/v7e-m+fp/hard\libc_nano.a(lib_a-lock.o)
                0x08000d66                __retarget_lock_init_recursive
 .text.__retarget_lock_acquire_recursive
                0x08000d68        0x2 c:/program files (x86)/gnu arm embedded toolchain/10 2021.07/bin/../lib/gcc/arm-none-eabi/10.3.1/../../../../arm-none-eabi/lib/thumb/v7e-m+fp/hard\libc_nano.a(lib_a-lock.o)
                0x08000d68                __retarget_lock_acquire_recursive
 .text.__retarget_lock_release_recursive
                0x08000d6a        0x2 c:/program files (x86)/gnu arm embedded toolchain/10 2021.07/bin/../lib/gcc/arm-none-eabi/10.3.1/../../../../arm-none-eabi/lib/thumb/v7e-m+fp/hard\libc_nano.a(lib_a-lock.o)
                0x08000d6a                __retarget_lock_release_recursive
 .text.__swhatbuf_r
                0x08000d6c       0x4a c:/program files (x86)/gnu arm embedded toolchain/10 2021.07/bin/../lib/gcc/arm-none-eabi/10.3.1/../../../../arm-none-eabi/lib/thumb/v7e-m+fp/hard\libc_nano.a(lib_a-makebuf.o)
                0x08000d6c                __swhatbuf_r
 *fill*         0x08000db6        0x2 
 .text.__smakebuf_r
                0x08000db8       0x80 c:/program files (x86)/gnu arm embedded toolchain/10 2021.07/bin/../lib/gcc/arm-none-eabi/10.3.1/../../../../arm-none-eabi/lib/thumb/v7e-m+fp/hard\libc_nano.a(lib_a-makebuf.o)
                0x08000db8                __smakebuf_r
 .text._free_r  0x08000e38       0x98 c:/program files (x86)/gnu arm embedded toolchain/10 2021.07/bin/../lib/gcc/arm-none-eabi/10.3.1/../../../../arm-none-eabi/lib/thumb/v7e-m+fp/hard\libc_nano.a(lib_a-nano-freer.o)
                0x08000e38                _free_r
 .text.sbrk_aligned
                0x08000ed0       0x40 c:/program files (x86)/gnu arm embedded toolchain/10 2021.07/bin/../lib/gcc/arm-none-eabi/10.3.1/../../../../arm-none-eabi/lib/thumb/v7e-m+fp/hard\libc_nano.a(lib_a-nano-mallocr.o)
 .text._malloc_r
                0x08000f10       0xe8 c:/program files (x86)/gnu arm embedded toolchain/10 2021.07/bin/../lib/gcc/arm-none-eabi/10.3.1/../../../../arm-none-eabi/lib/thumb/v7e-m+fp/hard\libc_nano.a(lib_a-nano-mallocr.o)
                0x08000f10                _malloc_r
 .text._sbrk_r  0x08000ff8       0x20 c:/program files (x86)/gnu arm embedded toolchain/10 2021.07/bin/../lib/gcc/arm-none-eabi/10.3.1/../../../../arm-none-eabi/lib/thumb/v7e-m+fp/hard\libc_nano.a(lib_a-sbrkr.o)
                0x08000ff8                _sbrk_r
 .text.__sread  0x08001018       0x22 c:/program files (x86)/gnu arm embedded toolchain/10 2021.07/bin/../lib/gcc/arm-none-eabi/10.3.1/../../../../arm-none-eabi/lib/thumb/v7e-m+fp/hard\libc_nano.a(lib_a-stdio.o)
                0x08001018                __sread
 .text.__swrite
                0x0800103a       0x38 c:/program files (x86)/gnu arm embedded toolchain/10 2021.07/bin/../lib/gcc/arm-none-eabi/10.3.1/../../../../arm-none-eabi/lib/thumb/v7e-m+fp/hard\libc_nano.a(lib_a-stdio.o)
                0x0800103a                __swrite
 .text.__sseek  0x08001072       0x24 c:/program files (x86)/gnu arm embedded toolchain/10 2021.07/bin/../lib/gcc/arm-none-eabi/10.3.1/../../../../arm-none-eabi/lib/thumb/v7e-m+fp/hard\libc_nano.a(lib_a-stdio.o)
                0x08001072                __sseek
 .text.__sclose
                0x08001096        0x8 c:/program files (x86)/gnu arm embedded toolchain/10 2021.07/bin/../lib/gcc/arm-none-eabi/10.3.1/../../../../arm-none-eabi/lib/thumb/v7e-m+fp/hard\libc_nano.a(lib_a-stdio.o)
                0x08001096                __sclose
 *fill*         0x0800109e        0x2 
 .text._write_r
                0x080010a0       0x24 c:/program files (x86)/gnu arm embedded toolchain/10 2021.07/bin/../lib/gcc/arm-none-eabi/10.3.1/../../../../arm-none-eabi/lib/thumb/v7e-m+fp/hard\libc_nano.a(lib_a-writer.o)
                0x080010a0                _write_r
 .text._close_r
                0x080010c4       0x20 c:/program files (x86)/gnu arm embedded toolchain/10 2021.07/bin/../lib/gcc/arm-none-eabi/10.3.1/../../../../arm-none-eabi/lib/thumb/v7e-m+fp/hard\libc_nano.a(lib_a-closer.o)
                0x080010c4                _close_r
 .text._fstat_r
                0x080010e4       0x24 c:/program files (x86)/gnu arm embedded toolchain/10 2021.07/bin/../lib/gcc/arm-none-eabi/10.3.1/../../../../arm-none-eabi/lib/thumb/v7e-m+fp/hard\libc_nano.a(lib_a-fstatr.o)
                0x080010e4                _fstat_r
 .text._isatty_r
                0x08001108       0x20 c:/program files (x86)/gnu arm embedded toolchain/10 2021.07/bin/../lib/gcc/arm-none-eabi/10.3.1/../../../../arm-none-eabi/lib/thumb/v7e-m+fp/hard\libc_nano.a(lib_a-isattyr.o)
                0x08001108                _isatty_r
 .text._lseek_r
                0x08001128       0x24 c:/program files (x86)/gnu arm embedded toolchain/10 2021.07/bin/../lib/gcc/arm-none-eabi/10.3.1/../../../../arm-none-eabi/lib/thumb/v7e-m+fp/hard\libc_nano.a(lib_a-lseekr.o)
                0x08001128                _lseek_r
 .text.__malloc_lock
                0x0800114c        0xc c:/program files (x86)/gnu arm embedded toolchain/10 2021.07/bin/../lib/gcc/arm-none-eabi/10.3.1/../../../../arm-none-eabi/lib/thumb/v7e-m+fp/hard\libc_nano.a(lib_a-mlock.o)
                0x0800114c                __malloc_lock
 .text.__malloc_unlock
                0x08001158        0xc c:/program files (x86)/gnu arm embedded toolchain/10 2021.07/bin/../lib/gcc/arm-none-eabi/10.3.1/../../../../arm-none-eabi/lib/thumb/v7e-m+fp/hard\libc_nano.a(lib_a-mlock.o)
                0x08001158                __malloc_unlock
 .text._read_r  0x08001164       0x24 c:/program files (x86)/gnu arm embedded toolchain/10 2021.07/bin/../lib/gcc/arm-none-eabi/10.3.1/../../../../arm-none-eabi/lib/thumb/v7e-m+fp/hard\libc_nano.a(lib_a-readr.o)
                0x08001164                _read_r
 *(.glue_7)
 .glue_7        0x08001188        0x0 linker stubs
 *(.glue_7t)
 .glue_7t       0x08001188        0x0 linker stubs
 *(.eh_frame)
 .eh_frame      0x08001188        0x0 c:/program files (x86)/gnu arm embedded toolchain/10 2021.07/bin/../lib/gcc/arm-none-eabi/10.3.1/thumb/v7e-m+fp/hard/crtbegin.o
 *(.init)
 .init          0x08001188        0x4 c:/program files (x86)/gnu arm embedded toolchain/10 2021.07/bin/../lib/gcc/arm-none-eabi/10.3.1/thumb/v7e-m+fp/hard/crti.o
                0x08001188                _init
 .init          0x0800118c        0x8 c:/program files (x86)/gnu arm embedded toolchain/10 2021.07/bin/../lib/gcc/arm-none-eabi/10.3.1/thumb/v7e-m+fp/hard/crtn.o
 *(.fini)
 .fini          0x08001194        0x4 c:/program files (x86)/gnu arm embedded toolchain/10 2021.07/bin/../lib/gcc/arm-none-eabi/10.3.1/thumb/v7e-m+fp/hard/crti.o
                0x08001194                _fini
 .fini          0x08001198        0x8 c:/program files (x86)/gnu arm embedded toolchain/10 2021.07/bin/../lib/gcc/arm-none-eabi/10.3.1/thumb/v7e-m+fp/hard/crtn.o
                0x080011a0                . = ALIGN (0x4)
                0x080011a0                _etext = .

.vfp11_veneer   0x080011a0        0x0
 .vfp11_veneer  0x080011a0        0x0 linker stubs

.v4_bx          0x080011a0        0x0
 .v4_bx         0x080011a0        0x0 linker stubs

.iplt           0x080011a0        0x0
 .iplt          0x080011a0        0x0 c:/program files (x86)/gnu arm embedded toolchain/10 2021.07/bin/../lib/gcc/arm-none-eabi/10.3.1/thumb/v7e-m+fp/hard/crtbegin.o

.rodata         0x080011a0       0xe0
                0x080011a0                . = ALIGN (0x4)
 *(.rodata)
 .rodata        0x080011a0        0x7 Debug/myusart.o
 *fill*         0x080011a7        0x1 
 .rodata        0x080011a8       0x71 Debug/myscheduler.o
 *(.rodata*)
 *fill*         0x08001219        0x3 
 .rodata._global_impure_ptr
                0x0800121c        0x4 c:/program files (x86)/gnu arm embedded toolchain/10 2021.07/bin/../lib/gcc/arm-none-eabi/10.3.1/../../../../arm-none-eabi/lib/thumb/v7e-m+fp/hard\libc_nano.a(lib_a-impure.o)
                0x0800121c                _global_impure_ptr
 .rodata.__sf_fake_stderr
                0x08001220       0x20 c:/program files (x86)/gnu arm embedded toolchain/10 2021.07/bin/../lib/gcc/arm-none-eabi/10.3.1/../../../../arm-none-eabi/lib/thumb/v7e-m+fp/hard\libc_nano.a(lib_a-findfp.o)
                0x08001220                __sf_fake_stderr
 .rodata.__sf_fake_stdin
                0x08001240       0x20 c:/program files (x86)/gnu arm embedded toolchain/10 2021.07/bin/../lib/gcc/arm-none-eabi/10.3.1/../../../../arm-none-eabi/lib/thumb/v7e-m+fp/hard\libc_nano.a(lib_a-findfp.o)
                0x08001240                __sf_fake_stdin
 .rodata.__sf_fake_stdout
                0x08001260       0x20 c:/program files (x86)/gnu arm embedded toolchain/10 2021.07/bin/../lib/gcc/arm-none-eabi/10.3.1/../../../../arm-none-eabi/lib/thumb/v7e-m+fp/hard\libc_nano.a(lib_a-findfp.o)
                0x08001260                __sf_fake_stdout
                0x08001280                . = ALIGN (0x4)

.rel.dyn        0x08001280        0x0
 .rel.iplt      0x08001280        0x0 c:/program files (x86)/gnu arm embedded toolchain/10 2021.07/bin/../lib/gcc/arm-none-eabi/10.3.1/thumb/v7e-m+fp/hard/crtbegin.o

.ARM.extab      0x08001280        0x0
                0x08001280                . = ALIGN (0x4)
 *(.ARM.extab* .gnu.linkonce.armextab.*)
                0x08001280                . = ALIGN (0x4)

.ARM            0x08001280        0x0
                0x08001280                . = ALIGN (0x4)
                0x08001280                __exidx_start = .
 *(.ARM.exidx*)
                0x08001280                __exidx_end = .
                0x08001280                . = ALIGN (0x4)

.preinit_array  0x08001280        0x0
                0x08001280                . = ALIGN (0x4)
                0x08001280                PROVIDE (__preinit_array_start = .)
 *(.preinit_array*)
                0x08001280                PROVIDE (__preinit_array_end = .)
                0x08001280                . = ALIGN (0x4)

.init_array     0x08001280        0x4
                0x08001280                . = ALIGN (0x4)
                0x08001280                PROVIDE (__init_array_start = .)
 *(SORT_BY_NAME(.init_array.*))
 *(.init_array*)
 .init_array    0x08001280        0x4 c:/program files (x86)/gnu arm embedded toolchain/10 2021.07/bin/../lib/gcc/arm-none-eabi/10.3.1/thumb/v7e-m+fp/hard/crtbegin.o
                0x08001284                PROVIDE (__init_array_end = .)
                0x08001284                . = ALIGN (0x4)

.fini_array     0x08001284        0x4
                0x08001284                . = ALIGN (0x4)
                [!provide]                PROVIDE (__fini_array_start = .)
 *(SORT_BY_NAME(.fini_array.*))
 *(.fini_array*)
 .fini_array    0x08001284        0x4 c:/program files (x86)/gnu arm embedded toolchain/10 2021.07/bin/../lib/gcc/arm-none-eabi/10.3.1/thumb/v7e-m+fp/hard/crtbegin.o
                [!provide]                PROVIDE (__fini_array_end = .)
                0x08001288                . = ALIGN (0x4)
                0x08001288                _sidata = LOADADDR (.data)

.data           0x20000000       0x74 load address 0x08001288
                0x20000000                . = ALIGN (0x4)
                0x20000000                _sdata = .
 *(.data)
 *(.data*)
 .data.task_PSP
                0x20000000       0x10 Debug/myscheduler.o
                0x20000000                task_PSP
 .data._impure_ptr
                0x20000010        0x4 c:/program files (x86)/gnu arm embedded toolchain/10 2021.07/bin/../lib/gcc/arm-none-eabi/10.3.1/../../../../arm-none-eabi/lib/thumb/v7e-m+fp/hard\libc_nano.a(lib_a-impure.o)
                0x20000010                _impure_ptr
 .data.impure_data
                0x20000014       0x60 c:/program files (x86)/gnu arm embedded toolchain/10 2021.07/bin/../lib/gcc/arm-none-eabi/10.3.1/../../../../arm-none-eabi/lib/thumb/v7e-m+fp/hard\libc_nano.a(lib_a-impure.o)
 *(.RamFunc)
 *(.RamFunc*)
                0x20000074                . = ALIGN (0x4)
                0x20000074                _edata = .
                0x080012fc                _siccmram = LOADADDR (.ccmram)

.igot.plt       0x20000074        0x0 load address 0x080012fc
 .igot.plt      0x20000074        0x0 c:/program files (x86)/gnu arm embedded toolchain/10 2021.07/bin/../lib/gcc/arm-none-eabi/10.3.1/thumb/v7e-m+fp/hard/crtbegin.o

.ccmram         0x10000000        0x0 load address 0x080012fc
                0x10000000                . = ALIGN (0x4)
                0x10000000                _sccmram = .
 *(.ccmram)
 *(.ccmram*)
                0x10000000                . = ALIGN (0x4)
                0x10000000                _eccmram = .
                0x10000000                . = ALIGN (0x4)

.bss            0x20000074       0x40
                0x20000074                _sbss = .
                0x20000074                __bss_start__ = _sbss
 *(.bss)
 .bss           0x20000074       0x1c c:/program files (x86)/gnu arm embedded toolchain/10 2021.07/bin/../lib/gcc/arm-none-eabi/10.3.1/thumb/v7e-m+fp/hard/crtbegin.o
 *(.bss*)
 .bss.__sbrk_heap_end
                0x20000090        0x4 Debug/sysmem.o
 .bss.task_handler
                0x20000094       0x10 Debug/myscheduler.o
                0x20000094                task_handler
 .bss.current_task
                0x200000a4        0x1 Debug/myscheduler.o
                0x200000a4                current_task
 .bss.__lock___malloc_recursive_mutex
                0x200000a5        0x1 c:/program files (x86)/gnu arm embedded toolchain/10 2021.07/bin/../lib/gcc/arm-none-eabi/10.3.1/../../../../arm-none-eabi/lib/thumb/v7e-m+fp/hard\libc_nano.a(lib_a-lock.o)
                0x200000a5                __lock___malloc_recursive_mutex
 .bss.__lock___sfp_recursive_mutex
                0x200000a6        0x1 c:/program files (x86)/gnu arm embedded toolchain/10 2021.07/bin/../lib/gcc/arm-none-eabi/10.3.1/../../../../arm-none-eabi/lib/thumb/v7e-m+fp/hard\libc_nano.a(lib_a-lock.o)
                0x200000a6                __lock___sfp_recursive_mutex
 .bss.__lock___sinit_recursive_mutex
                0x200000a7        0x1 c:/program files (x86)/gnu arm embedded toolchain/10 2021.07/bin/../lib/gcc/arm-none-eabi/10.3.1/../../../../arm-none-eabi/lib/thumb/v7e-m+fp/hard\libc_nano.a(lib_a-lock.o)
                0x200000a7                __lock___sinit_recursive_mutex
 .bss.__malloc_free_list
                0x200000a8        0x4 c:/program files (x86)/gnu arm embedded toolchain/10 2021.07/bin/../lib/gcc/arm-none-eabi/10.3.1/../../../../arm-none-eabi/lib/thumb/v7e-m+fp/hard\libc_nano.a(lib_a-nano-mallocr.o)
                0x200000a8                __malloc_free_list
 .bss.__malloc_sbrk_start
                0x200000ac        0x4 c:/program files (x86)/gnu arm embedded toolchain/10 2021.07/bin/../lib/gcc/arm-none-eabi/10.3.1/../../../../arm-none-eabi/lib/thumb/v7e-m+fp/hard\libc_nano.a(lib_a-nano-mallocr.o)
                0x200000ac                __malloc_sbrk_start
 .bss.errno     0x200000b0        0x4 c:/program files (x86)/gnu arm embedded toolchain/10 2021.07/bin/../lib/gcc/arm-none-eabi/10.3.1/../../../../arm-none-eabi/lib/thumb/v7e-m+fp/hard\libc_nano.a(lib_a-reent.o)
                0x200000b0                errno
 *(COMMON)
                0x200000b4                . = ALIGN (0x4)
                0x200000b4                _ebss = .
                0x200000b4                __bss_end__ = _ebss

._user_heap_stack
                0x200000b4      0x604
                0x200000b8                . = ALIGN (0x8)
 *fill*         0x200000b4        0x4 
                [!provide]                PROVIDE (end = .)
                0x200000b8                PROVIDE (_end = .)
                0x200002b8                . = (. + _Min_Heap_Size)
 *fill*         0x200000b8      0x200 
                0x200006b8                . = (. + _Min_Stack_Size)
 *fill*         0x200002b8      0x400 
                0x200006b8                . = ALIGN (0x8)

/DISCARD/
 libc.a(*)
 libm.a(*)
 libgcc.a(*)

.ARM.attributes
                0x00000000       0x30
 *(.ARM.attributes)
 .ARM.attributes
                0x00000000       0x1e c:/program files (x86)/gnu arm embedded toolchain/10 2021.07/bin/../lib/gcc/arm-none-eabi/10.3.1/thumb/v7e-m+fp/hard/crti.o
 .ARM.attributes
                0x0000001e       0x34 c:/program files (x86)/gnu arm embedded toolchain/10 2021.07/bin/../lib/gcc/arm-none-eabi/10.3.1/thumb/v7e-m+fp/hard/crtbegin.o
 .ARM.attributes
                0x00000052       0x34 Debug/myusart.o
 .ARM.attributes
                0x00000086       0x34 Debug/sysmem.o
 .ARM.attributes
                0x000000ba       0x34 Debug/syscalls.o
 .ARM.attributes
                0x000000ee       0x34 Debug/main.o
 .ARM.attributes
                0x00000122       0x34 Debug/myscheduler.o
 .ARM.attributes
                0x00000156       0x21 Debug/startup_stm32f303zetx.o
 .ARM.attributes
                0x00000177       0x34 c:/program files (x86)/gnu arm embedded toolchain/10 2021.07/bin/../lib/gcc/arm-none-eabi/10.3.1/../../../../arm-none-eabi/lib/thumb/v7e-m+fp/hard\libc_nano.a(lib_a-errno.o)
 .ARM.attributes
                0x000001ab       0x32 c:/program files (x86)/gnu arm embedded toolchain/10 2021.07/bin/../lib/gcc/arm-none-eabi/10.3.1/../../../../arm-none-eabi/lib/thumb/v7e-m+fp/hard\libc_nano.a(lib_a-impure.o)
 .ARM.attributes
                0x000001dd       0x34 c:/program files (x86)/gnu arm embedded toolchain/10 2021.07/bin/../lib/gcc/arm-none-eabi/10.3.1/../../../../arm-none-eabi/lib/thumb/v7e-m+fp/hard\libc_nano.a(lib_a-init.o)
 .ARM.attributes
                0x00000211       0x34 c:/program files (x86)/gnu arm embedded toolchain/10 2021.07/bin/../lib/gcc/arm-none-eabi/10.3.1/../../../../arm-none-eabi/lib/thumb/v7e-m+fp/hard\libc_nano.a(lib_a-memset.o)
 .ARM.attributes
                0x00000245       0x34 c:/program files (x86)/gnu arm embedded toolchain/10 2021.07/bin/../lib/gcc/arm-none-eabi/10.3.1/../../../../arm-none-eabi/lib/thumb/v7e-m+fp/hard\libc_nano.a(lib_a-puts.o)
 .ARM.attributes
                0x00000279       0x34 c:/program files (x86)/gnu arm embedded toolchain/10 2021.07/bin/../lib/gcc/arm-none-eabi/10.3.1/../../../../arm-none-eabi/lib/thumb/v7e-m+fp/hard\libc_nano.a(lib_a-wbuf.o)
 .ARM.attributes
                0x000002ad       0x34 c:/program files (x86)/gnu arm embedded toolchain/10 2021.07/bin/../lib/gcc/arm-none-eabi/10.3.1/../../../../arm-none-eabi/lib/thumb/v7e-m+fp/hard\libc_nano.a(lib_a-wsetup.o)
 .ARM.attributes
                0x000002e1       0x34 c:/program files (x86)/gnu arm embedded toolchain/10 2021.07/bin/../lib/gcc/arm-none-eabi/10.3.1/../../../../arm-none-eabi/lib/thumb/v7e-m+fp/hard\libc_nano.a(lib_a-fflush.o)
 .ARM.attributes
                0x00000315       0x34 c:/program files (x86)/gnu arm embedded toolchain/10 2021.07/bin/../lib/gcc/arm-none-eabi/10.3.1/../../../../arm-none-eabi/lib/thumb/v7e-m+fp/hard\libc_nano.a(lib_a-findfp.o)
 .ARM.attributes
                0x00000349       0x34 c:/program files (x86)/gnu arm embedded toolchain/10 2021.07/bin/../lib/gcc/arm-none-eabi/10.3.1/../../../../arm-none-eabi/lib/thumb/v7e-m+fp/hard\libc_nano.a(lib_a-fwalk.o)
 .ARM.attributes
                0x0000037d       0x34 c:/program files (x86)/gnu arm embedded toolchain/10 2021.07/bin/../lib/gcc/arm-none-eabi/10.3.1/../../../../arm-none-eabi/lib/thumb/v7e-m+fp/hard\libc_nano.a(lib_a-lock.o)
 .ARM.attributes
                0x000003b1       0x34 c:/program files (x86)/gnu arm embedded toolchain/10 2021.07/bin/../lib/gcc/arm-none-eabi/10.3.1/../../../../arm-none-eabi/lib/thumb/v7e-m+fp/hard\libc_nano.a(lib_a-makebuf.o)
 .ARM.attributes
                0x000003e5       0x34 c:/program files (x86)/gnu arm embedded toolchain/10 2021.07/bin/../lib/gcc/arm-none-eabi/10.3.1/../../../../arm-none-eabi/lib/thumb/v7e-m+fp/hard\libc_nano.a(lib_a-nano-freer.o)
 .ARM.attributes
                0x00000419       0x34 c:/program files (x86)/gnu arm embedded toolchain/10 2021.07/bin/../lib/gcc/arm-none-eabi/10.3.1/../../../../arm-none-eabi/lib/thumb/v7e-m+fp/hard\libc_nano.a(lib_a-nano-mallocr.o)
 .ARM.attributes
                0x0000044d       0x34 c:/program files (x86)/gnu arm embedded toolchain/10 2021.07/bin/../lib/gcc/arm-none-eabi/10.3.1/../../../../arm-none-eabi/lib/thumb/v7e-m+fp/hard\libc_nano.a(lib_a-sbrkr.o)
 .ARM.attributes
                0x00000481       0x34 c:/program files (x86)/gnu arm embedded toolchain/10 2021.07/bin/../lib/gcc/arm-none-eabi/10.3.1/../../../../arm-none-eabi/lib/thumb/v7e-m+fp/hard\libc_nano.a(lib_a-stdio.o)
 .ARM.attributes
                0x000004b5       0x34 c:/program files (x86)/gnu arm embedded toolchain/10 2021.07/bin/../lib/gcc/arm-none-eabi/10.3.1/../../../../arm-none-eabi/lib/thumb/v7e-m+fp/hard\libc_nano.a(lib_a-writer.o)
 .ARM.attributes
                0x000004e9       0x34 c:/program files (x86)/gnu arm embedded toolchain/10 2021.07/bin/../lib/gcc/arm-none-eabi/10.3.1/../../../../arm-none-eabi/lib/thumb/v7e-m+fp/hard\libc_nano.a(lib_a-closer.o)
 .ARM.attributes
                0x0000051d       0x34 c:/program files (x86)/gnu arm embedded toolchain/10 2021.07/bin/../lib/gcc/arm-none-eabi/10.3.1/../../../../arm-none-eabi/lib/thumb/v7e-m+fp/hard\libc_nano.a(lib_a-fstatr.o)
 .ARM.attributes
                0x00000551       0x34 c:/program files (x86)/gnu arm embedded toolchain/10 2021.07/bin/../lib/gcc/arm-none-eabi/10.3.1/../../../../arm-none-eabi/lib/thumb/v7e-m+fp/hard\libc_nano.a(lib_a-isattyr.o)
 .ARM.attributes
                0x00000585       0x34 c:/program files (x86)/gnu arm embedded toolchain/10 2021.07/bin/../lib/gcc/arm-none-eabi/10.3.1/../../../../arm-none-eabi/lib/thumb/v7e-m+fp/hard\libc_nano.a(lib_a-lseekr.o)
 .ARM.attributes
                0x000005b9       0x34 c:/program files (x86)/gnu arm embedded toolchain/10 2021.07/bin/../lib/gcc/arm-none-eabi/10.3.1/../../../../arm-none-eabi/lib/thumb/v7e-m+fp/hard\libc_nano.a(lib_a-mlock.o)
 .ARM.attributes
                0x000005ed       0x34 c:/program files (x86)/gnu arm embedded toolchain/10 2021.07/bin/../lib/gcc/arm-none-eabi/10.3.1/../../../../arm-none-eabi/lib/thumb/v7e-m+fp/hard\libc_nano.a(lib_a-readr.o)
 .ARM.attributes
                0x00000621       0x34 c:/program files (x86)/gnu arm embedded toolchain/10 2021.07/bin/../lib/gcc/arm-none-eabi/10.3.1/../../../../arm-none-eabi/lib/thumb/v7e-m+fp/hard\libc_nano.a(lib_a-reent.o)
 .ARM.attributes
                0x00000655       0x1e c:/program files (x86)/gnu arm embedded toolchain/10 2021.07/bin/../lib/gcc/arm-none-eabi/10.3.1/thumb/v7e-m+fp/hard/crtn.o
OUTPUT(Debug/main.elf elf32-littlearm)
LOAD linker stubs
LOAD c:/program files (x86)/gnu arm embedded toolchain/10 2021.07/bin/../lib/gcc/arm-none-eabi/10.3.1/../../../../arm-none-eabi/lib/thumb/v7e-m+fp/hard\libc.a
LOAD c:/program files (x86)/gnu arm embedded toolchain/10 2021.07/bin/../lib/gcc/arm-none-eabi/10.3.1/../../../../arm-none-eabi/lib/thumb/v7e-m+fp/hard\libm.a
LOAD c:/program files (x86)/gnu arm embedded toolchain/10 2021.07/bin/../lib/gcc/arm-none-eabi/10.3.1/thumb/v7e-m+fp/hard\libgcc.a

.debug_info     0x00000000      0xe3c
 .debug_info    0x00000000      0x1f9 Debug/myusart.o
 .debug_info    0x000001f9      0x16a Debug/sysmem.o
 .debug_info    0x00000363      0x736 Debug/syscalls.o
 .debug_info    0x00000a99       0x99 Debug/main.o
 .debug_info    0x00000b32      0x2e8 Debug/myscheduler.o
 .debug_info    0x00000e1a       0x22 Debug/startup_stm32f303zetx.o

.debug_abbrev   0x00000000      0x4a8
 .debug_abbrev  0x00000000       0xff Debug/myusart.o
 .debug_abbrev  0x000000ff       0xa5 Debug/sysmem.o
 .debug_abbrev  0x000001a4      0x17f Debug/syscalls.o
 .debug_abbrev  0x00000323       0x48 Debug/main.o
 .debug_abbrev  0x0000036b      0x12b Debug/myscheduler.o
 .debug_abbrev  0x00000496       0x12 Debug/startup_stm32f303zetx.o

.debug_loc      0x00000000      0xb10
 .debug_loc     0x00000000      0x19c Debug/myusart.o
 .debug_loc     0x0000019c       0x50 Debug/sysmem.o
 .debug_loc     0x000001ec      0x5b8 Debug/syscalls.o
 .debug_loc     0x000007a4       0x2c Debug/main.o
 .debug_loc     0x000007d0      0x340 Debug/myscheduler.o

.debug_aranges  0x00000000      0x1e8
 .debug_aranges
                0x00000000       0x40 Debug/myusart.o
 .debug_aranges
                0x00000040       0x20 Debug/sysmem.o
 .debug_aranges
                0x00000060       0xa8 Debug/syscalls.o
 .debug_aranges
                0x00000108       0x20 Debug/main.o
 .debug_aranges
                0x00000128       0x98 Debug/myscheduler.o
 .debug_aranges
                0x000001c0       0x28 Debug/startup_stm32f303zetx.o

.debug_ranges   0x00000000      0x190
 .debug_ranges  0x00000000       0x30 Debug/myusart.o
 .debug_ranges  0x00000030       0x10 Debug/sysmem.o
 .debug_ranges  0x00000040       0x98 Debug/syscalls.o
 .debug_ranges  0x000000d8       0x10 Debug/main.o
 .debug_ranges  0x000000e8       0x88 Debug/myscheduler.o
 .debug_ranges  0x00000170       0x20 Debug/startup_stm32f303zetx.o

.debug_line     0x00000000      0xb59
 .debug_line    0x00000000      0x22a Debug/myusart.o
 .debug_line    0x0000022a      0x1af Debug/sysmem.o
 .debug_line    0x000003d9      0x367 Debug/syscalls.o
 .debug_line    0x00000740       0x5d Debug/main.o
 .debug_line    0x0000079d      0x339 Debug/myscheduler.o
 .debug_line    0x00000ad6       0x83 Debug/startup_stm32f303zetx.o

.debug_str      0x00000000      0x5d0
 .debug_str     0x00000000      0x19b Debug/myusart.o
                                0x1e5 (size before relaxing)
 .debug_str     0x0000019b       0x7b Debug/sysmem.o
                                0x202 (size before relaxing)
 .debug_str     0x00000216      0x1eb Debug/syscalls.o
                                0x3bc (size before relaxing)
 .debug_str     0x00000401       0x21 Debug/main.o
                                0x189 (size before relaxing)
 .debug_str     0x00000422      0x17e Debug/myscheduler.o
                                0x30c (size before relaxing)
 .debug_str     0x000005a0       0x30 Debug/startup_stm32f303zetx.o
                                 0x5e (size before relaxing)

.comment        0x00000000       0x49
 .comment       0x00000000       0x49 Debug/myusart.o
                                 0x4a (size before relaxing)
 .comment       0x00000049       0x4a Debug/sysmem.o
 .comment       0x00000049       0x4a Debug/syscalls.o
 .comment       0x00000049       0x4a Debug/main.o
 .comment       0x00000049       0x4a Debug/myscheduler.o

.debug_frame    0x00000000      0xca0
 .debug_frame   0x00000000       0xc8 Debug/myusart.o
 .debug_frame   0x000000c8       0x34 Debug/sysmem.o
 .debug_frame   0x000000fc      0x2ac Debug/syscalls.o
 .debug_frame   0x000003a8       0x2c Debug/main.o
 .debug_frame   0x000003d4      0x1e8 Debug/myscheduler.o
 .debug_frame   0x000005bc       0x20 c:/program files (x86)/gnu arm embedded toolchain/10 2021.07/bin/../lib/gcc/arm-none-eabi/10.3.1/../../../../arm-none-eabi/lib/thumb/v7e-m+fp/hard\libc_nano.a(lib_a-errno.o)
 .debug_frame   0x000005dc       0x2c c:/program files (x86)/gnu arm embedded toolchain/10 2021.07/bin/../lib/gcc/arm-none-eabi/10.3.1/../../../../arm-none-eabi/lib/thumb/v7e-m+fp/hard\libc_nano.a(lib_a-init.o)
 .debug_frame   0x00000608       0x20 c:/program files (x86)/gnu arm embedded toolchain/10 2021.07/bin/../lib/gcc/arm-none-eabi/10.3.1/../../../../arm-none-eabi/lib/thumb/v7e-m+fp/hard\libc_nano.a(lib_a-memset.o)
 .debug_frame   0x00000628       0x3c c:/program files (x86)/gnu arm embedded toolchain/10 2021.07/bin/../lib/gcc/arm-none-eabi/10.3.1/../../../../arm-none-eabi/lib/thumb/v7e-m+fp/hard\libc_nano.a(lib_a-puts.o)
 .debug_frame   0x00000664       0x40 c:/program files (x86)/gnu arm embedded toolchain/10 2021.07/bin/../lib/gcc/arm-none-eabi/10.3.1/../../../../arm-none-eabi/lib/thumb/v7e-m+fp/hard\libc_nano.a(lib_a-wbuf.o)
 .debug_frame   0x000006a4       0x2c c:/program files (x86)/gnu arm embedded toolchain/10 2021.07/bin/../lib/gcc/arm-none-eabi/10.3.1/../../../../arm-none-eabi/lib/thumb/v7e-m+fp/hard\libc_nano.a(lib_a-wsetup.o)
 .debug_frame   0x000006d0       0x5c c:/program files (x86)/gnu arm embedded toolchain/10 2021.07/bin/../lib/gcc/arm-none-eabi/10.3.1/../../../../arm-none-eabi/lib/thumb/v7e-m+fp/hard\libc_nano.a(lib_a-fflush.o)
 .debug_frame   0x0000072c      0x14c c:/program files (x86)/gnu arm embedded toolchain/10 2021.07/bin/../lib/gcc/arm-none-eabi/10.3.1/../../../../arm-none-eabi/lib/thumb/v7e-m+fp/hard\libc_nano.a(lib_a-findfp.o)
 .debug_frame   0x00000878       0x54 c:/program files (x86)/gnu arm embedded toolchain/10 2021.07/bin/../lib/gcc/arm-none-eabi/10.3.1/../../../../arm-none-eabi/lib/thumb/v7e-m+fp/hard\libc_nano.a(lib_a-fwalk.o)
 .debug_frame   0x000008cc       0xb0 c:/program files (x86)/gnu arm embedded toolchain/10 2021.07/bin/../lib/gcc/arm-none-eabi/10.3.1/../../../../arm-none-eabi/lib/thumb/v7e-m+fp/hard\libc_nano.a(lib_a-lock.o)
 .debug_frame   0x0000097c       0x58 c:/program files (x86)/gnu arm embedded toolchain/10 2021.07/bin/../lib/gcc/arm-none-eabi/10.3.1/../../../../arm-none-eabi/lib/thumb/v7e-m+fp/hard\libc_nano.a(lib_a-makebuf.o)
 .debug_frame   0x000009d4       0x38 c:/program files (x86)/gnu arm embedded toolchain/10 2021.07/bin/../lib/gcc/arm-none-eabi/10.3.1/../../../../arm-none-eabi/lib/thumb/v7e-m+fp/hard\libc_nano.a(lib_a-nano-freer.o)
 .debug_frame   0x00000a0c       0x4c c:/program files (x86)/gnu arm embedded toolchain/10 2021.07/bin/../lib/gcc/arm-none-eabi/10.3.1/../../../../arm-none-eabi/lib/thumb/v7e-m+fp/hard\libc_nano.a(lib_a-nano-mallocr.o)
 .debug_frame   0x00000a58       0x2c c:/program files (x86)/gnu arm embedded toolchain/10 2021.07/bin/../lib/gcc/arm-none-eabi/10.3.1/../../../../arm-none-eabi/lib/thumb/v7e-m+fp/hard\libc_nano.a(lib_a-sbrkr.o)
 .debug_frame   0x00000a84       0x88 c:/program files (x86)/gnu arm embedded toolchain/10 2021.07/bin/../lib/gcc/arm-none-eabi/10.3.1/../../../../arm-none-eabi/lib/thumb/v7e-m+fp/hard\libc_nano.a(lib_a-stdio.o)
 .debug_frame   0x00000b0c       0x2c c:/program files (x86)/gnu arm embedded toolchain/10 2021.07/bin/../lib/gcc/arm-none-eabi/10.3.1/../../../../arm-none-eabi/lib/thumb/v7e-m+fp/hard\libc_nano.a(lib_a-writer.o)
 .debug_frame   0x00000b38       0x2c c:/program files (x86)/gnu arm embedded toolchain/10 2021.07/bin/../lib/gcc/arm-none-eabi/10.3.1/../../../../arm-none-eabi/lib/thumb/v7e-m+fp/hard\libc_nano.a(lib_a-closer.o)
 .debug_frame   0x00000b64       0x2c c:/program files (x86)/gnu arm embedded toolchain/10 2021.07/bin/../lib/gcc/arm-none-eabi/10.3.1/../../../../arm-none-eabi/lib/thumb/v7e-m+fp/hard\libc_nano.a(lib_a-fstatr.o)
 .debug_frame   0x00000b90       0x2c c:/program files (x86)/gnu arm embedded toolchain/10 2021.07/bin/../lib/gcc/arm-none-eabi/10.3.1/../../../../arm-none-eabi/lib/thumb/v7e-m+fp/hard\libc_nano.a(lib_a-isattyr.o)
 .debug_frame   0x00000bbc       0x2c c:/program files (x86)/gnu arm embedded toolchain/10 2021.07/bin/../lib/gcc/arm-none-eabi/10.3.1/../../../../arm-none-eabi/lib/thumb/v7e-m+fp/hard\libc_nano.a(lib_a-lseekr.o)
 .debug_frame   0x00000be8       0x30 c:/program files (x86)/gnu arm embedded toolchain/10 2021.07/bin/../lib/gcc/arm-none-eabi/10.3.1/../../../../arm-none-eabi/lib/thumb/v7e-m+fp/hard\libc_nano.a(lib_a-mlock.o)
 .debug_frame   0x00000c18       0x2c c:/program files (x86)/gnu arm embedded toolchain/10 2021.07/bin/../lib/gcc/arm-none-eabi/10.3.1/../../../../arm-none-eabi/lib/thumb/v7e-m+fp/hard\libc_nano.a(lib_a-readr.o)
 .debug_frame   0x00000c44       0x5c c:/program files (x86)/gnu arm embedded toolchain/10 2021.07/bin/../lib/gcc/arm-none-eabi/10.3.1/../../../../arm-none-eabi/lib/thumb/v7e-m+fp/hard\libc_nano.a(lib_a-reent.o)

Cross Reference Table

Symbol                                            File
ADC1_2_IRQHandler                                 Debug/startup_stm32f303zetx.o
ADC3_IRQHandler                                   Debug/startup_stm32f303zetx.o
ADC4_IRQHandler                                   Debug/startup_stm32f303zetx.o
BusFault_Handler                                  Debug/myscheduler.o
CAN_RX1_IRQHandler                                Debug/startup_stm32f303zetx.o
CAN_SCE_IRQHandler                                Debug/startup_stm32f303zetx.o
COMP123_IRQHandler                                Debug/startup_stm32f303zetx.o
COMP456_IRQHandler                                Debug/startup_stm32f303zetx.o
COMP7_IRQHandler                                  Debug/startup_stm32f303zetx.o
DMA1_CH1_IRQHandler                               Debug/startup_stm32f303zetx.o
DMA1_CH2_IRQHandler                               Debug/startup_stm32f303zetx.o
DMA1_CH3_IRQHandler                               Debug/startup_stm32f303zetx.o
DMA1_CH4_IRQHandler                               Debug/startup_stm32f303zetx.o
DMA1_CH5_IRQHandler                               Debug/startup_stm32f303zetx.o
DMA1_CH6_IRQHandler                               Debug/startup_stm32f303zetx.o
DMA1_CH7_IRQHandler                               Debug/startup_stm32f303zetx.o
DMA2_CH1_IRQHandler                               Debug/startup_stm32f303zetx.o
DMA2_CH2_IRQHandler                               Debug/startup_stm32f303zetx.o
DMA2_CH3_IRQHandler                               Debug/startup_stm32f303zetx.o
DMA2_CH4_IRQHandler                               Debug/startup_stm32f303zetx.o
DMA2_CH5_IRQHandler                               Debug/startup_stm32f303zetx.o
DebugMon_Handler                                  Debug/startup_stm32f303zetx.o
Default_Handler                                   Debug/startup_stm32f303zetx.o
EXTI0_IRQHandler                                  Debug/startup_stm32f303zetx.o
EXTI15_10_IRQHandler                              Debug/startup_stm32f303zetx.o
EXTI1_IRQHandler                                  Debug/startup_stm32f303zetx.o
EXTI2_TSC_IRQHandler                              Debug/startup_stm32f303zetx.o
EXTI3_IRQHandler                                  Debug/startup_stm32f303zetx.o
EXTI4_IRQHandler                                  Debug/startup_stm32f303zetx.o
EXTI9_5_IRQHandler                                Debug/startup_stm32f303zetx.o
Enable_processor_fault                            Debug/myscheduler.o
                                                  Debug/main.o
FLASH_IRQHandler                                  Debug/startup_stm32f303zetx.o
FMC_IRQHandler                                    Debug/startup_stm32f303zetx.o
FPU_IRQHandler                                    Debug/startup_stm32f303zetx.o
HardFault_Handler                                 Debug/myscheduler.o
I2C1_ER_IRQHandler                                Debug/startup_stm32f303zetx.o
I2C1_EV_EXTI23_IRQHandler                         Debug/startup_stm32f303zetx.o
I2C2_ER_IRQHandler                                Debug/startup_stm32f303zetx.o
I2C2_EV_EXTI24_IRQHandler                         Debug/startup_stm32f303zetx.o
I2C3_ER_IRQHandler                                Debug/startup_stm32f303zetx.o
I2C3_EV_IRQHandler                                Debug/startup_stm32f303zetx.o
MYUSART_Init                                      Debug/myusart.o
                                                  Debug/main.o
MYUSART_ReceiveData                               Debug/myusart.o
MYUSART_SendData                                  Debug/myusart.o
MemManage_Handler                                 Debug/myscheduler.o
NMI_Handler                                       Debug/startup_stm32f303zetx.o
PVD_IRQHandler                                    Debug/startup_stm32f303zetx.o
PendSV_Handler                                    Debug/startup_stm32f303zetx.o
RCC_IRQHandler                                    Debug/startup_stm32f303zetx.o
RTCAlarm_IRQHandler                               Debug/startup_stm32f303zetx.o
RTC_WKUP_IRQHandler                               Debug/startup_stm32f303zetx.o
Reset_Handler                                     Debug/startup_stm32f303zetx.o
SPI1_IRQHandler                                   Debug/startup_stm32f303zetx.o
SPI2_IRQHandler                                   Debug/startup_stm32f303zetx.o
SPI3_IRQHandler                                   Debug/startup_stm32f303zetx.o
SPI4_IRQHandler                                   Debug/startup_stm32f303zetx.o
SVC_Handler                                       Debug/startup_stm32f303zetx.o
Schedueler_MSP_Init                               Debug/myscheduler.o
                                                  Debug/main.o
SysTick_Handler                                   Debug/myscheduler.o
SysTick_Timer_Init                                Debug/myscheduler.o
                                                  Debug/main.o
SystemInit                                        Debug/startup_stm32f303zetx.o
TAMP_STAMP_IRQHandler                             Debug/startup_stm32f303zetx.o
TIM1_BRK_TIM15_IRQHandler                         Debug/startup_stm32f303zetx.o
TIM1_CC_IRQHandler                                Debug/startup_stm32f303zetx.o
TIM1_TRG_COM_TIM17_IRQHandler                     Debug/startup_stm32f303zetx.o
TIM1_UP_TIM16_IRQHandler                          Debug/startup_stm32f303zetx.o
TIM20_BRK_IRQHandler                              Debug/startup_stm32f303zetx.o
TIM20_CC_IRQHandler                               Debug/startup_stm32f303zetx.o
TIM20_TRG_COM_IRQHandler                          Debug/startup_stm32f303zetx.o
TIM20_UP_IRQHandler                               Debug/startup_stm32f303zetx.o
TIM2_IRQHandler                                   Debug/startup_stm32f303zetx.o
TIM3_IRQHandler                                   Debug/startup_stm32f303zetx.o
TIM4_IRQHandler                                   Debug/startup_stm32f303zetx.o
TIM6_DACUNDER_IRQHandler                          Debug/startup_stm32f303zetx.o
TIM7_IRQHandler                                   Debug/startup_stm32f303zetx.o
TIM8_BRK_IRQHandler                               Debug/startup_stm32f303zetx.o
TIM8_CC_IRQHandler                                Debug/startup_stm32f303zetx.o
TIM8_TRG_COM_IRQHandler                           Debug/startup_stm32f303zetx.o
TIM8_UP_IRQHandler                                Debug/startup_stm32f303zetx.o
Task_Stack_Init                                   Debug/myscheduler.o
                                                  Debug/main.o
UART4_EXTI34_IRQHandler                           Debug/startup_stm32f303zetx.o
UART5_EXTI35_IRQHandler                           Debug/startup_stm32f303zetx.o
USART1_EXTI25_IRQHandler                          Debug/startup_stm32f303zetx.o
USART2_EXTI26_IRQHandler                          Debug/startup_stm32f303zetx.o
USART3_EXTI28_IRQHandler                          Debug/startup_stm32f303zetx.o
USB_HP_CAN_TX_IRQHandler                          Debug/startup_stm32f303zetx.o
USB_HP_IRQHandler                                 Debug/startup_stm32f303zetx.o
USB_LP_CAN_RX0_IRQHandler                         Debug/startup_stm32f303zetx.o
USB_LP_IRQHandler                                 Debug/startup_stm32f303zetx.o
USB_WKUP_EXTI_IRQHandler                          Debug/startup_stm32f303zetx.o
USB_WKUP_IRQHandler                               Debug/startup_stm32f303zetx.o
UsageFault_Handler                                Debug/myscheduler.o
WWDG_IRQHandler                                   Debug/startup_stm32f303zetx.o
_Min_Stack_Size                                   Debug/sysmem.o
__bss_end__                                       c:/program files (x86)/gnu arm embedded toolchain/10 2021.07/bin/../lib/gcc/arm-none-eabi/10.3.1/../../../../arm-none-eabi/lib/thumb/v7e-m+fp/hard/crt0.o
__bss_start__                                     c:/program files (x86)/gnu arm embedded toolchain/10 2021.07/bin/../lib/gcc/arm-none-eabi/10.3.1/../../../../arm-none-eabi/lib/thumb/v7e-m+fp/hard/crt0.o
__call_exitprocs                                  c:/program files (x86)/gnu arm embedded toolchain/10 2021.07/bin/../lib/gcc/arm-none-eabi/10.3.1/../../../../arm-none-eabi/lib/thumb/v7e-m+fp/hard\libc_nano.a(lib_a-exit.o)
__deregister_frame_info                           c:/program files (x86)/gnu arm embedded toolchain/10 2021.07/bin/../lib/gcc/arm-none-eabi/10.3.1/thumb/v7e-m+fp/hard/crtbegin.o
__dso_handle                                      c:/program files (x86)/gnu arm embedded toolchain/10 2021.07/bin/../lib/gcc/arm-none-eabi/10.3.1/thumb/v7e-m+fp/hard/crtbegin.o
__env                                             Debug/syscalls.o
__errno                                           c:/program files (x86)/gnu arm embedded toolchain/10 2021.07/bin/../lib/gcc/arm-none-eabi/10.3.1/../../../../arm-none-eabi/lib/thumb/v7e-m+fp/hard\libc_nano.a(lib_a-errno.o)
                                                  Debug/syscalls.o
                                                  Debug/sysmem.o
__fp_lock_all                                     c:/program files (x86)/gnu arm embedded toolchain/10 2021.07/bin/../lib/gcc/arm-none-eabi/10.3.1/../../../../arm-none-eabi/lib/thumb/v7e-m+fp/hard\libc_nano.a(lib_a-findfp.o)
__fp_unlock_all                                   c:/program files (x86)/gnu arm embedded toolchain/10 2021.07/bin/../lib/gcc/arm-none-eabi/10.3.1/../../../../arm-none-eabi/lib/thumb/v7e-m+fp/hard\libc_nano.a(lib_a-findfp.o)
__init_array_end                                  c:/program files (x86)/gnu arm embedded toolchain/10 2021.07/bin/../lib/gcc/arm-none-eabi/10.3.1/../../../../arm-none-eabi/lib/thumb/v7e-m+fp/hard\libc_nano.a(lib_a-init.o)
__init_array_start                                c:/program files (x86)/gnu arm embedded toolchain/10 2021.07/bin/../lib/gcc/arm-none-eabi/10.3.1/../../../../arm-none-eabi/lib/thumb/v7e-m+fp/hard\libc_nano.a(lib_a-init.o)
__io_getchar                                      Debug/syscalls.o
__io_putchar                                      Debug/syscalls.o
__libc_fini_array                                 c:/program files (x86)/gnu arm embedded toolchain/10 2021.07/bin/../lib/gcc/arm-none-eabi/10.3.1/../../../../arm-none-eabi/lib/thumb/v7e-m+fp/hard/crt0.o
__libc_init_array                                 c:/program files (x86)/gnu arm embedded toolchain/10 2021.07/bin/../lib/gcc/arm-none-eabi/10.3.1/../../../../arm-none-eabi/lib/thumb/v7e-m+fp/hard\libc_nano.a(lib_a-init.o)
                                                  Debug/startup_stm32f303zetx.o
                                                  c:/program files (x86)/gnu arm embedded toolchain/10 2021.07/bin/../lib/gcc/arm-none-eabi/10.3.1/../../../../arm-none-eabi/lib/thumb/v7e-m+fp/hard/crt0.o
__lock___arc4random_mutex                         c:/program files (x86)/gnu arm embedded toolchain/10 2021.07/bin/../lib/gcc/arm-none-eabi/10.3.1/../../../../arm-none-eabi/lib/thumb/v7e-m+fp/hard\libc_nano.a(lib_a-lock.o)
__lock___at_quick_exit_mutex                      c:/program files (x86)/gnu arm embedded toolchain/10 2021.07/bin/../lib/gcc/arm-none-eabi/10.3.1/../../../../arm-none-eabi/lib/thumb/v7e-m+fp/hard\libc_nano.a(lib_a-lock.o)
__lock___atexit_recursive_mutex                   c:/program files (x86)/gnu arm embedded toolchain/10 2021.07/bin/../lib/gcc/arm-none-eabi/10.3.1/../../../../arm-none-eabi/lib/thumb/v7e-m+fp/hard\libc_nano.a(lib_a-lock.o)
__lock___dd_hash_mutex                            c:/program files (x86)/gnu arm embedded toolchain/10 2021.07/bin/../lib/gcc/arm-none-eabi/10.3.1/../../../../arm-none-eabi/lib/thumb/v7e-m+fp/hard\libc_nano.a(lib_a-lock.o)
__lock___env_recursive_mutex                      c:/program files (x86)/gnu arm embedded toolchain/10 2021.07/bin/../lib/gcc/arm-none-eabi/10.3.1/../../../../arm-none-eabi/lib/thumb/v7e-m+fp/hard\libc_nano.a(lib_a-lock.o)
__lock___malloc_recursive_mutex                   c:/program files (x86)/gnu arm embedded toolchain/10 2021.07/bin/../lib/gcc/arm-none-eabi/10.3.1/../../../../arm-none-eabi/lib/thumb/v7e-m+fp/hard\libc_nano.a(lib_a-lock.o)
                                                  c:/program files (x86)/gnu arm embedded toolchain/10 2021.07/bin/../lib/gcc/arm-none-eabi/10.3.1/../../../../arm-none-eabi/lib/thumb/v7e-m+fp/hard\libc_nano.a(lib_a-mlock.o)
__lock___sfp_recursive_mutex                      c:/program files (x86)/gnu arm embedded toolchain/10 2021.07/bin/../lib/gcc/arm-none-eabi/10.3.1/../../../../arm-none-eabi/lib/thumb/v7e-m+fp/hard\libc_nano.a(lib_a-lock.o)
                                                  c:/program files (x86)/gnu arm embedded toolchain/10 2021.07/bin/../lib/gcc/arm-none-eabi/10.3.1/../../../../arm-none-eabi/lib/thumb/v7e-m+fp/hard\libc_nano.a(lib_a-findfp.o)
__lock___sinit_recursive_mutex                    c:/program files (x86)/gnu arm embedded toolchain/10 2021.07/bin/../lib/gcc/arm-none-eabi/10.3.1/../../../../arm-none-eabi/lib/thumb/v7e-m+fp/hard\libc_nano.a(lib_a-lock.o)
                                                  c:/program files (x86)/gnu arm embedded toolchain/10 2021.07/bin/../lib/gcc/arm-none-eabi/10.3.1/../../../../arm-none-eabi/lib/thumb/v7e-m+fp/hard\libc_nano.a(lib_a-findfp.o)
__lock___tz_mutex                                 c:/program files (x86)/gnu arm embedded toolchain/10 2021.07/bin/../lib/gcc/arm-none-eabi/10.3.1/../../../../arm-none-eabi/lib/thumb/v7e-m+fp/hard\libc_nano.a(lib_a-lock.o)
__malloc_free_list                                c:/program files (x86)/gnu arm embedded toolchain/10 2021.07/bin/../lib/gcc/arm-none-eabi/10.3.1/../../../../arm-none-eabi/lib/thumb/v7e-m+fp/hard\libc_nano.a(lib_a-nano-mallocr.o)
                                                  c:/program files (x86)/gnu arm embedded toolchain/10 2021.07/bin/../lib/gcc/arm-none-eabi/10.3.1/../../../../arm-none-eabi/lib/thumb/v7e-m+fp/hard\libc_nano.a(lib_a-nano-freer.o)
__malloc_lock                                     c:/program files (x86)/gnu arm embedded toolchain/10 2021.07/bin/../lib/gcc/arm-none-eabi/10.3.1/../../../../arm-none-eabi/lib/thumb/v7e-m+fp/hard\libc_nano.a(lib_a-mlock.o)
                                                  c:/program files (x86)/gnu arm embedded toolchain/10 2021.07/bin/../lib/gcc/arm-none-eabi/10.3.1/../../../../arm-none-eabi/lib/thumb/v7e-m+fp/hard\libc_nano.a(lib_a-nano-mallocr.o)
                                                  c:/program files (x86)/gnu arm embedded toolchain/10 2021.07/bin/../lib/gcc/arm-none-eabi/10.3.1/../../../../arm-none-eabi/lib/thumb/v7e-m+fp/hard\libc_nano.a(lib_a-nano-freer.o)
__malloc_sbrk_start                               c:/program files (x86)/gnu arm embedded toolchain/10 2021.07/bin/../lib/gcc/arm-none-eabi/10.3.1/../../../../arm-none-eabi/lib/thumb/v7e-m+fp/hard\libc_nano.a(lib_a-nano-mallocr.o)
__malloc_unlock                                   c:/program files (x86)/gnu arm embedded toolchain/10 2021.07/bin/../lib/gcc/arm-none-eabi/10.3.1/../../../../arm-none-eabi/lib/thumb/v7e-m+fp/hard\libc_nano.a(lib_a-mlock.o)
                                                  c:/program files (x86)/gnu arm embedded toolchain/10 2021.07/bin/../lib/gcc/arm-none-eabi/10.3.1/../../../../arm-none-eabi/lib/thumb/v7e-m+fp/hard\libc_nano.a(lib_a-nano-mallocr.o)
                                                  c:/program files (x86)/gnu arm embedded toolchain/10 2021.07/bin/../lib/gcc/arm-none-eabi/10.3.1/../../../../arm-none-eabi/lib/thumb/v7e-m+fp/hard\libc_nano.a(lib_a-nano-freer.o)
__preinit_array_end                               c:/program files (x86)/gnu arm embedded toolchain/10 2021.07/bin/../lib/gcc/arm-none-eabi/10.3.1/../../../../arm-none-eabi/lib/thumb/v7e-m+fp/hard\libc_nano.a(lib_a-init.o)
__preinit_array_start                             c:/program files (x86)/gnu arm embedded toolchain/10 2021.07/bin/../lib/gcc/arm-none-eabi/10.3.1/../../../../arm-none-eabi/lib/thumb/v7e-m+fp/hard\libc_nano.a(lib_a-init.o)
__register_frame_info                             c:/program files (x86)/gnu arm embedded toolchain/10 2021.07/bin/../lib/gcc/arm-none-eabi/10.3.1/thumb/v7e-m+fp/hard/crtbegin.o
__retarget_lock_acquire                           c:/program files (x86)/gnu arm embedded toolchain/10 2021.07/bin/../lib/gcc/arm-none-eabi/10.3.1/../../../../arm-none-eabi/lib/thumb/v7e-m+fp/hard\libc_nano.a(lib_a-lock.o)
__retarget_lock_acquire_recursive                 c:/program files (x86)/gnu arm embedded toolchain/10 2021.07/bin/../lib/gcc/arm-none-eabi/10.3.1/../../../../arm-none-eabi/lib/thumb/v7e-m+fp/hard\libc_nano.a(lib_a-lock.o)
                                                  c:/program files (x86)/gnu arm embedded toolchain/10 2021.07/bin/../lib/gcc/arm-none-eabi/10.3.1/../../../../arm-none-eabi/lib/thumb/v7e-m+fp/hard\libc_nano.a(lib_a-mlock.o)
                                                  c:/program files (x86)/gnu arm embedded toolchain/10 2021.07/bin/../lib/gcc/arm-none-eabi/10.3.1/../../../../arm-none-eabi/lib/thumb/v7e-m+fp/hard\libc_nano.a(lib_a-findfp.o)
                                                  c:/program files (x86)/gnu arm embedded toolchain/10 2021.07/bin/../lib/gcc/arm-none-eabi/10.3.1/../../../../arm-none-eabi/lib/thumb/v7e-m+fp/hard\libc_nano.a(lib_a-fflush.o)
                                                  c:/program files (x86)/gnu arm embedded toolchain/10 2021.07/bin/../lib/gcc/arm-none-eabi/10.3.1/../../../../arm-none-eabi/lib/thumb/v7e-m+fp/hard\libc_nano.a(lib_a-puts.o)
__retarget_lock_close                             c:/program files (x86)/gnu arm embedded toolchain/10 2021.07/bin/../lib/gcc/arm-none-eabi/10.3.1/../../../../arm-none-eabi/lib/thumb/v7e-m+fp/hard\libc_nano.a(lib_a-lock.o)
__retarget_lock_close_recursive                   c:/program files (x86)/gnu arm embedded toolchain/10 2021.07/bin/../lib/gcc/arm-none-eabi/10.3.1/../../../../arm-none-eabi/lib/thumb/v7e-m+fp/hard\libc_nano.a(lib_a-lock.o)
__retarget_lock_init                              c:/program files (x86)/gnu arm embedded toolchain/10 2021.07/bin/../lib/gcc/arm-none-eabi/10.3.1/../../../../arm-none-eabi/lib/thumb/v7e-m+fp/hard\libc_nano.a(lib_a-lock.o)
__retarget_lock_init_recursive                    c:/program files (x86)/gnu arm embedded toolchain/10 2021.07/bin/../lib/gcc/arm-none-eabi/10.3.1/../../../../arm-none-eabi/lib/thumb/v7e-m+fp/hard\libc_nano.a(lib_a-lock.o)
                                                  c:/program files (x86)/gnu arm embedded toolchain/10 2021.07/bin/../lib/gcc/arm-none-eabi/10.3.1/../../../../arm-none-eabi/lib/thumb/v7e-m+fp/hard\libc_nano.a(lib_a-findfp.o)
__retarget_lock_release                           c:/program files (x86)/gnu arm embedded toolchain/10 2021.07/bin/../lib/gcc/arm-none-eabi/10.3.1/../../../../arm-none-eabi/lib/thumb/v7e-m+fp/hard\libc_nano.a(lib_a-lock.o)
__retarget_lock_release_recursive                 c:/program files (x86)/gnu arm embedded toolchain/10 2021.07/bin/../lib/gcc/arm-none-eabi/10.3.1/../../../../arm-none-eabi/lib/thumb/v7e-m+fp/hard\libc_nano.a(lib_a-lock.o)
                                                  c:/program files (x86)/gnu arm embedded toolchain/10 2021.07/bin/../lib/gcc/arm-none-eabi/10.3.1/../../../../arm-none-eabi/lib/thumb/v7e-m+fp/hard\libc_nano.a(lib_a-mlock.o)
                                                  c:/program files (x86)/gnu arm embedded toolchain/10 2021.07/bin/../lib/gcc/arm-none-eabi/10.3.1/../../../../arm-none-eabi/lib/thumb/v7e-m+fp/hard\libc_nano.a(lib_a-findfp.o)
                                                  c:/program files (x86)/gnu arm embedded toolchain/10 2021.07/bin/../lib/gcc/arm-none-eabi/10.3.1/../../../../arm-none-eabi/lib/thumb/v7e-m+fp/hard\libc_nano.a(lib_a-fflush.o)
                                                  c:/program files (x86)/gnu arm embedded toolchain/10 2021.07/bin/../lib/gcc/arm-none-eabi/10.3.1/../../../../arm-none-eabi/lib/thumb/v7e-m+fp/hard\libc_nano.a(lib_a-puts.o)
__retarget_lock_try_acquire                       c:/program files (x86)/gnu arm embedded toolchain/10 2021.07/bin/../lib/gcc/arm-none-eabi/10.3.1/../../../../arm-none-eabi/lib/thumb/v7e-m+fp/hard\libc_nano.a(lib_a-lock.o)
__retarget_lock_try_acquire_recursive             c:/program files (x86)/gnu arm embedded toolchain/10 2021.07/bin/../lib/gcc/arm-none-eabi/10.3.1/../../../../arm-none-eabi/lib/thumb/v7e-m+fp/hard\libc_nano.a(lib_a-lock.o)
__sclose                                          c:/program files (x86)/gnu arm embedded toolchain/10 2021.07/bin/../lib/gcc/arm-none-eabi/10.3.1/../../../../arm-none-eabi/lib/thumb/v7e-m+fp/hard\libc_nano.a(lib_a-stdio.o)
                                                  c:/program files (x86)/gnu arm embedded toolchain/10 2021.07/bin/../lib/gcc/arm-none-eabi/10.3.1/../../../../arm-none-eabi/lib/thumb/v7e-m+fp/hard\libc_nano.a(lib_a-findfp.o)
__seofread                                        c:/program files (x86)/gnu arm embedded toolchain/10 2021.07/bin/../lib/gcc/arm-none-eabi/10.3.1/../../../../arm-none-eabi/lib/thumb/v7e-m+fp/hard\libc_nano.a(lib_a-stdio.o)
__sf_fake_stderr                                  c:/program files (x86)/gnu arm embedded toolchain/10 2021.07/bin/../lib/gcc/arm-none-eabi/10.3.1/../../../../arm-none-eabi/lib/thumb/v7e-m+fp/hard\libc_nano.a(lib_a-findfp.o)
                                                  c:/program files (x86)/gnu arm embedded toolchain/10 2021.07/bin/../lib/gcc/arm-none-eabi/10.3.1/../../../../arm-none-eabi/lib/thumb/v7e-m+fp/hard\libc_nano.a(lib_a-fflush.o)
                                                  c:/program files (x86)/gnu arm embedded toolchain/10 2021.07/bin/../lib/gcc/arm-none-eabi/10.3.1/../../../../arm-none-eabi/lib/thumb/v7e-m+fp/hard\libc_nano.a(lib_a-wsetup.o)
                                                  c:/program files (x86)/gnu arm embedded toolchain/10 2021.07/bin/../lib/gcc/arm-none-eabi/10.3.1/../../../../arm-none-eabi/lib/thumb/v7e-m+fp/hard\libc_nano.a(lib_a-wbuf.o)
                                                  c:/program files (x86)/gnu arm embedded toolchain/10 2021.07/bin/../lib/gcc/arm-none-eabi/10.3.1/../../../../arm-none-eabi/lib/thumb/v7e-m+fp/hard\libc_nano.a(lib_a-puts.o)
                                                  c:/program files (x86)/gnu arm embedded toolchain/10 2021.07/bin/../lib/gcc/arm-none-eabi/10.3.1/../../../../arm-none-eabi/lib/thumb/v7e-m+fp/hard\libc_nano.a(lib_a-impure.o)
__sf_fake_stdin                                   c:/program files (x86)/gnu arm embedded toolchain/10 2021.07/bin/../lib/gcc/arm-none-eabi/10.3.1/../../../../arm-none-eabi/lib/thumb/v7e-m+fp/hard\libc_nano.a(lib_a-findfp.o)
                                                  c:/program files (x86)/gnu arm embedded toolchain/10 2021.07/bin/../lib/gcc/arm-none-eabi/10.3.1/../../../../arm-none-eabi/lib/thumb/v7e-m+fp/hard\libc_nano.a(lib_a-fflush.o)
                                                  c:/program files (x86)/gnu arm embedded toolchain/10 2021.07/bin/../lib/gcc/arm-none-eabi/10.3.1/../../../../arm-none-eabi/lib/thumb/v7e-m+fp/hard\libc_nano.a(lib_a-wsetup.o)
                                                  c:/program files (x86)/gnu arm embedded toolchain/10 2021.07/bin/../lib/gcc/arm-none-eabi/10.3.1/../../../../arm-none-eabi/lib/thumb/v7e-m+fp/hard\libc_nano.a(lib_a-wbuf.o)
                                                  c:/program files (x86)/gnu arm embedded toolchain/10 2021.07/bin/../lib/gcc/arm-none-eabi/10.3.1/../../../../arm-none-eabi/lib/thumb/v7e-m+fp/hard\libc_nano.a(lib_a-puts.o)
                                                  c:/program files (x86)/gnu arm embedded toolchain/10 2021.07/bin/../lib/gcc/arm-none-eabi/10.3.1/../../../../arm-none-eabi/lib/thumb/v7e-m+fp/hard\libc_nano.a(lib_a-impure.o)
__sf_fake_stdout                                  c:/program files (x86)/gnu arm embedded toolchain/10 2021.07/bin/../lib/gcc/arm-none-eabi/10.3.1/../../../../arm-none-eabi/lib/thumb/v7e-m+fp/hard\libc_nano.a(lib_a-findfp.o)
                                                  c:/program files (x86)/gnu arm embedded toolchain/10 2021.07/bin/../lib/gcc/arm-none-eabi/10.3.1/../../../../arm-none-eabi/lib/thumb/v7e-m+fp/hard\libc_nano.a(lib_a-fflush.o)
                                                  c:/program files (x86)/gnu arm embedded toolchain/10 2021.07/bin/../lib/gcc/arm-none-eabi/10.3.1/../../../../arm-none-eabi/lib/thumb/v7e-m+fp/hard\libc_nano.a(lib_a-wsetup.o)
                                                  c:/program files (x86)/gnu arm embedded toolchain/10 2021.07/bin/../lib/gcc/arm-none-eabi/10.3.1/../../../../arm-none-eabi/lib/thumb/v7e-m+fp/hard\libc_nano.a(lib_a-wbuf.o)
                                                  c:/program files (x86)/gnu arm embedded toolchain/10 2021.07/bin/../lib/gcc/arm-none-eabi/10.3.1/../../../../arm-none-eabi/lib/thumb/v7e-m+fp/hard\libc_nano.a(lib_a-puts.o)
                                                  c:/program files (x86)/gnu arm embedded toolchain/10 2021.07/bin/../lib/gcc/arm-none-eabi/10.3.1/../../../../arm-none-eabi/lib/thumb/v7e-m+fp/hard\libc_nano.a(lib_a-impure.o)
__sflush_r                                        c:/program files (x86)/gnu arm embedded toolchain/10 2021.07/bin/../lib/gcc/arm-none-eabi/10.3.1/../../../../arm-none-eabi/lib/thumb/v7e-m+fp/hard\libc_nano.a(lib_a-fflush.o)
__sfmoreglue                                      c:/program files (x86)/gnu arm embedded toolchain/10 2021.07/bin/../lib/gcc/arm-none-eabi/10.3.1/../../../../arm-none-eabi/lib/thumb/v7e-m+fp/hard\libc_nano.a(lib_a-findfp.o)
__sfp                                             c:/program files (x86)/gnu arm embedded toolchain/10 2021.07/bin/../lib/gcc/arm-none-eabi/10.3.1/../../../../arm-none-eabi/lib/thumb/v7e-m+fp/hard\libc_nano.a(lib_a-findfp.o)
__sfp_lock_acquire                                c:/program files (x86)/gnu arm embedded toolchain/10 2021.07/bin/../lib/gcc/arm-none-eabi/10.3.1/../../../../arm-none-eabi/lib/thumb/v7e-m+fp/hard\libc_nano.a(lib_a-findfp.o)
__sfp_lock_release                                c:/program files (x86)/gnu arm embedded toolchain/10 2021.07/bin/../lib/gcc/arm-none-eabi/10.3.1/../../../../arm-none-eabi/lib/thumb/v7e-m+fp/hard\libc_nano.a(lib_a-findfp.o)
__sinit                                           c:/program files (x86)/gnu arm embedded toolchain/10 2021.07/bin/../lib/gcc/arm-none-eabi/10.3.1/../../../../arm-none-eabi/lib/thumb/v7e-m+fp/hard\libc_nano.a(lib_a-findfp.o)
                                                  c:/program files (x86)/gnu arm embedded toolchain/10 2021.07/bin/../lib/gcc/arm-none-eabi/10.3.1/../../../../arm-none-eabi/lib/thumb/v7e-m+fp/hard\libc_nano.a(lib_a-fflush.o)
                                                  c:/program files (x86)/gnu arm embedded toolchain/10 2021.07/bin/../lib/gcc/arm-none-eabi/10.3.1/../../../../arm-none-eabi/lib/thumb/v7e-m+fp/hard\libc_nano.a(lib_a-wsetup.o)
                                                  c:/program files (x86)/gnu arm embedded toolchain/10 2021.07/bin/../lib/gcc/arm-none-eabi/10.3.1/../../../../arm-none-eabi/lib/thumb/v7e-m+fp/hard\libc_nano.a(lib_a-wbuf.o)
                                                  c:/program files (x86)/gnu arm embedded toolchain/10 2021.07/bin/../lib/gcc/arm-none-eabi/10.3.1/../../../../arm-none-eabi/lib/thumb/v7e-m+fp/hard\libc_nano.a(lib_a-puts.o)
__sinit_lock_acquire                              c:/program files (x86)/gnu arm embedded toolchain/10 2021.07/bin/../lib/gcc/arm-none-eabi/10.3.1/../../../../arm-none-eabi/lib/thumb/v7e-m+fp/hard\libc_nano.a(lib_a-findfp.o)
__sinit_lock_release                              c:/program files (x86)/gnu arm embedded toolchain/10 2021.07/bin/../lib/gcc/arm-none-eabi/10.3.1/../../../../arm-none-eabi/lib/thumb/v7e-m+fp/hard\libc_nano.a(lib_a-findfp.o)
__smakebuf_r                                      c:/program files (x86)/gnu arm embedded toolchain/10 2021.07/bin/../lib/gcc/arm-none-eabi/10.3.1/../../../../arm-none-eabi/lib/thumb/v7e-m+fp/hard\libc_nano.a(lib_a-makebuf.o)
                                                  c:/program files (x86)/gnu arm embedded toolchain/10 2021.07/bin/../lib/gcc/arm-none-eabi/10.3.1/../../../../arm-none-eabi/lib/thumb/v7e-m+fp/hard\libc_nano.a(lib_a-wsetup.o)
__sread                                           c:/program files (x86)/gnu arm embedded toolchain/10 2021.07/bin/../lib/gcc/arm-none-eabi/10.3.1/../../../../arm-none-eabi/lib/thumb/v7e-m+fp/hard\libc_nano.a(lib_a-stdio.o)
                                                  c:/program files (x86)/gnu arm embedded toolchain/10 2021.07/bin/../lib/gcc/arm-none-eabi/10.3.1/../../../../arm-none-eabi/lib/thumb/v7e-m+fp/hard\libc_nano.a(lib_a-findfp.o)
__sseek                                           c:/program files (x86)/gnu arm embedded toolchain/10 2021.07/bin/../lib/gcc/arm-none-eabi/10.3.1/../../../../arm-none-eabi/lib/thumb/v7e-m+fp/hard\libc_nano.a(lib_a-stdio.o)
                                                  c:/program files (x86)/gnu arm embedded toolchain/10 2021.07/bin/../lib/gcc/arm-none-eabi/10.3.1/../../../../arm-none-eabi/lib/thumb/v7e-m+fp/hard\libc_nano.a(lib_a-findfp.o)
__stack                                           c:/program files (x86)/gnu arm embedded toolchain/10 2021.07/bin/../lib/gcc/arm-none-eabi/10.3.1/../../../../arm-none-eabi/lib/thumb/v7e-m+fp/hard/crt0.o
__swbuf                                           c:/program files (x86)/gnu arm embedded toolchain/10 2021.07/bin/../lib/gcc/arm-none-eabi/10.3.1/../../../../arm-none-eabi/lib/thumb/v7e-m+fp/hard\libc_nano.a(lib_a-wbuf.o)
__swbuf_r                                         c:/program files (x86)/gnu arm embedded toolchain/10 2021.07/bin/../lib/gcc/arm-none-eabi/10.3.1/../../../../arm-none-eabi/lib/thumb/v7e-m+fp/hard\libc_nano.a(lib_a-wbuf.o)
                                                  c:/program files (x86)/gnu arm embedded toolchain/10 2021.07/bin/../lib/gcc/arm-none-eabi/10.3.1/../../../../arm-none-eabi/lib/thumb/v7e-m+fp/hard\libc_nano.a(lib_a-puts.o)
__swhatbuf_r                                      c:/program files (x86)/gnu arm embedded toolchain/10 2021.07/bin/../lib/gcc/arm-none-eabi/10.3.1/../../../../arm-none-eabi/lib/thumb/v7e-m+fp/hard\libc_nano.a(lib_a-makebuf.o)
__swrite                                          c:/program files (x86)/gnu arm embedded toolchain/10 2021.07/bin/../lib/gcc/arm-none-eabi/10.3.1/../../../../arm-none-eabi/lib/thumb/v7e-m+fp/hard\libc_nano.a(lib_a-stdio.o)
                                                  c:/program files (x86)/gnu arm embedded toolchain/10 2021.07/bin/../lib/gcc/arm-none-eabi/10.3.1/../../../../arm-none-eabi/lib/thumb/v7e-m+fp/hard\libc_nano.a(lib_a-findfp.o)
__swsetup_r                                       c:/program files (x86)/gnu arm embedded toolchain/10 2021.07/bin/../lib/gcc/arm-none-eabi/10.3.1/../../../../arm-none-eabi/lib/thumb/v7e-m+fp/hard\libc_nano.a(lib_a-wsetup.o)
                                                  c:/program files (x86)/gnu arm embedded toolchain/10 2021.07/bin/../lib/gcc/arm-none-eabi/10.3.1/../../../../arm-none-eabi/lib/thumb/v7e-m+fp/hard\libc_nano.a(lib_a-wbuf.o)
                                                  c:/program files (x86)/gnu arm embedded toolchain/10 2021.07/bin/../lib/gcc/arm-none-eabi/10.3.1/../../../../arm-none-eabi/lib/thumb/v7e-m+fp/hard\libc_nano.a(lib_a-puts.o)
_cleanup                                          c:/program files (x86)/gnu arm embedded toolchain/10 2021.07/bin/../lib/gcc/arm-none-eabi/10.3.1/../../../../arm-none-eabi/lib/thumb/v7e-m+fp/hard\libc_nano.a(lib_a-findfp.o)
_cleanup_r                                        c:/program files (x86)/gnu arm embedded toolchain/10 2021.07/bin/../lib/gcc/arm-none-eabi/10.3.1/../../../../arm-none-eabi/lib/thumb/v7e-m+fp/hard\libc_nano.a(lib_a-findfp.o)
                                                  c:/program files (x86)/gnu arm embedded toolchain/10 2021.07/bin/../lib/gcc/arm-none-eabi/10.3.1/../../../../arm-none-eabi/lib/thumb/v7e-m+fp/hard\libc_nano.a(lib_a-makebuf.o)
_close                                            Debug/syscalls.o
                                                  c:/program files (x86)/gnu arm embedded toolchain/10 2021.07/bin/../lib/gcc/arm-none-eabi/10.3.1/../../../../arm-none-eabi/lib/thumb/v7e-m+fp/hard\libc_nano.a(lib_a-closer.o)
_close_r                                          c:/program files (x86)/gnu arm embedded toolchain/10 2021.07/bin/../lib/gcc/arm-none-eabi/10.3.1/../../../../arm-none-eabi/lib/thumb/v7e-m+fp/hard\libc_nano.a(lib_a-closer.o)
                                                  c:/program files (x86)/gnu arm embedded toolchain/10 2021.07/bin/../lib/gcc/arm-none-eabi/10.3.1/../../../../arm-none-eabi/lib/thumb/v7e-m+fp/hard\libc_nano.a(lib_a-stdio.o)
_ebss                                             Debug/startup_stm32f303zetx.o
_edata                                            Debug/startup_stm32f303zetx.o
_end                                              Debug/sysmem.o
_estack                                           Debug/startup_stm32f303zetx.o
                                                  Debug/sysmem.o
_execve                                           Debug/syscalls.o
_exit                                             Debug/syscalls.o
                                                  c:/program files (x86)/gnu arm embedded toolchain/10 2021.07/bin/../lib/gcc/arm-none-eabi/10.3.1/../../../../arm-none-eabi/lib/thumb/v7e-m+fp/hard\libc_nano.a(lib_a-exit.o)
_fflush_r                                         c:/program files (x86)/gnu arm embedded toolchain/10 2021.07/bin/../lib/gcc/arm-none-eabi/10.3.1/../../../../arm-none-eabi/lib/thumb/v7e-m+fp/hard\libc_nano.a(lib_a-fflush.o)
                                                  c:/program files (x86)/gnu arm embedded toolchain/10 2021.07/bin/../lib/gcc/arm-none-eabi/10.3.1/../../../../arm-none-eabi/lib/thumb/v7e-m+fp/hard\libc_nano.a(lib_a-findfp.o)
                                                  c:/program files (x86)/gnu arm embedded toolchain/10 2021.07/bin/../lib/gcc/arm-none-eabi/10.3.1/../../../../arm-none-eabi/lib/thumb/v7e-m+fp/hard\libc_nano.a(lib_a-wbuf.o)
_fini                                             c:/program files (x86)/gnu arm embedded toolchain/10 2021.07/bin/../lib/gcc/arm-none-eabi/10.3.1/thumb/v7e-m+fp/hard/crti.o
_fork                                             Debug/syscalls.o
_free_r                                           c:/program files (x86)/gnu arm embedded toolchain/10 2021.07/bin/../lib/gcc/arm-none-eabi/10.3.1/../../../../arm-none-eabi/lib/thumb/v7e-m+fp/hard\libc_nano.a(lib_a-nano-freer.o)
                                                  c:/program files (x86)/gnu arm embedded toolchain/10 2021.07/bin/../lib/gcc/arm-none-eabi/10.3.1/../../../../arm-none-eabi/lib/thumb/v7e-m+fp/hard\libc_nano.a(lib_a-reent.o)
                                                  c:/program files (x86)/gnu arm embedded toolchain/10 2021.07/bin/../lib/gcc/arm-none-eabi/10.3.1/../../../../arm-none-eabi/lib/thumb/v7e-m+fp/hard\libc_nano.a(lib_a-fflush.o)
                                                  c:/program files (x86)/gnu arm embedded toolchain/10 2021.07/bin/../lib/gcc/arm-none-eabi/10.3.1/../../../../arm-none-eabi/lib/thumb/v7e-m+fp/hard\libc_nano.a(lib_a-wsetup.o)
_fstat                                            Debug/syscalls.o
                                                  c:/program files (x86)/gnu arm embedded toolchain/10 2021.07/bin/../lib/gcc/arm-none-eabi/10.3.1/../../../../arm-none-eabi/lib/thumb/v7e-m+fp/hard\libc_nano.a(lib_a-fstatr.o)
_fstat_r                                          c:/program files (x86)/gnu arm embedded toolchain/10 2021.07/bin/../lib/gcc/arm-none-eabi/10.3.1/../../../../arm-none-eabi/lib/thumb/v7e-m+fp/hard\libc_nano.a(lib_a-fstatr.o)
                                                  c:/program files (x86)/gnu arm embedded toolchain/10 2021.07/bin/../lib/gcc/arm-none-eabi/10.3.1/../../../../arm-none-eabi/lib/thumb/v7e-m+fp/hard\libc_nano.a(lib_a-makebuf.o)
_fwalk                                            c:/program files (x86)/gnu arm embedded toolchain/10 2021.07/bin/../lib/gcc/arm-none-eabi/10.3.1/../../../../arm-none-eabi/lib/thumb/v7e-m+fp/hard\libc_nano.a(lib_a-fwalk.o)
                                                  c:/program files (x86)/gnu arm embedded toolchain/10 2021.07/bin/../lib/gcc/arm-none-eabi/10.3.1/../../../../arm-none-eabi/lib/thumb/v7e-m+fp/hard\libc_nano.a(lib_a-findfp.o)
_fwalk_reent                                      c:/program files (x86)/gnu arm embedded toolchain/10 2021.07/bin/../lib/gcc/arm-none-eabi/10.3.1/../../../../arm-none-eabi/lib/thumb/v7e-m+fp/hard\libc_nano.a(lib_a-fwalk.o)
                                                  c:/program files (x86)/gnu arm embedded toolchain/10 2021.07/bin/../lib/gcc/arm-none-eabi/10.3.1/../../../../arm-none-eabi/lib/thumb/v7e-m+fp/hard\libc_nano.a(lib_a-findfp.o)
                                                  c:/program files (x86)/gnu arm embedded toolchain/10 2021.07/bin/../lib/gcc/arm-none-eabi/10.3.1/../../../../arm-none-eabi/lib/thumb/v7e-m+fp/hard\libc_nano.a(lib_a-fflush.o)
_getpid                                           Debug/syscalls.o
_global_impure_ptr                                c:/program files (x86)/gnu arm embedded toolchain/10 2021.07/bin/../lib/gcc/arm-none-eabi/10.3.1/../../../../arm-none-eabi/lib/thumb/v7e-m+fp/hard\libc_nano.a(lib_a-impure.o)
                                                  c:/program files (x86)/gnu arm embedded toolchain/10 2021.07/bin/../lib/gcc/arm-none-eabi/10.3.1/../../../../arm-none-eabi/lib/thumb/v7e-m+fp/hard\libc_nano.a(lib_a-findfp.o)
                                                  c:/program files (x86)/gnu arm embedded toolchain/10 2021.07/bin/../lib/gcc/arm-none-eabi/10.3.1/../../../../arm-none-eabi/lib/thumb/v7e-m+fp/hard\libc_nano.a(lib_a-fflush.o)
                                                  c:/program files (x86)/gnu arm embedded toolchain/10 2021.07/bin/../lib/gcc/arm-none-eabi/10.3.1/../../../../arm-none-eabi/lib/thumb/v7e-m+fp/hard\libc_nano.a(lib_a-exit.o)
_impure_ptr                                       c:/program files (x86)/gnu arm embedded toolchain/10 2021.07/bin/../lib/gcc/arm-none-eabi/10.3.1/../../../../arm-none-eabi/lib/thumb/v7e-m+fp/hard\libc_nano.a(lib_a-impure.o)
                                                  c:/program files (x86)/gnu arm embedded toolchain/10 2021.07/bin/../lib/gcc/arm-none-eabi/10.3.1/../../../../arm-none-eabi/lib/thumb/v7e-m+fp/hard\libc_nano.a(lib_a-reent.o)
                                                  c:/program files (x86)/gnu arm embedded toolchain/10 2021.07/bin/../lib/gcc/arm-none-eabi/10.3.1/../../../../arm-none-eabi/lib/thumb/v7e-m+fp/hard\libc_nano.a(lib_a-findfp.o)
                                                  c:/program files (x86)/gnu arm embedded toolchain/10 2021.07/bin/../lib/gcc/arm-none-eabi/10.3.1/../../../../arm-none-eabi/lib/thumb/v7e-m+fp/hard\libc_nano.a(lib_a-fflush.o)
                                                  c:/program files (x86)/gnu arm embedded toolchain/10 2021.07/bin/../lib/gcc/arm-none-eabi/10.3.1/../../../../arm-none-eabi/lib/thumb/v7e-m+fp/hard\libc_nano.a(lib_a-wsetup.o)
                                                  c:/program files (x86)/gnu arm embedded toolchain/10 2021.07/bin/../lib/gcc/arm-none-eabi/10.3.1/../../../../arm-none-eabi/lib/thumb/v7e-m+fp/hard\libc_nano.a(lib_a-wbuf.o)
                                                  c:/program files (x86)/gnu arm embedded toolchain/10 2021.07/bin/../lib/gcc/arm-none-eabi/10.3.1/../../../../arm-none-eabi/lib/thumb/v7e-m+fp/hard\libc_nano.a(lib_a-puts.o)
                                                  c:/program files (x86)/gnu arm embedded toolchain/10 2021.07/bin/../lib/gcc/arm-none-eabi/10.3.1/../../../../arm-none-eabi/lib/thumb/v7e-m+fp/hard\libc_nano.a(lib_a-errno.o)
_init                                             c:/program files (x86)/gnu arm embedded toolchain/10 2021.07/bin/../lib/gcc/arm-none-eabi/10.3.1/thumb/v7e-m+fp/hard/crti.o
                                                  c:/program files (x86)/gnu arm embedded toolchain/10 2021.07/bin/../lib/gcc/arm-none-eabi/10.3.1/../../../../arm-none-eabi/lib/thumb/v7e-m+fp/hard\libc_nano.a(lib_a-init.o)
_isatty                                           Debug/syscalls.o
                                                  c:/program files (x86)/gnu arm embedded toolchain/10 2021.07/bin/../lib/gcc/arm-none-eabi/10.3.1/../../../../arm-none-eabi/lib/thumb/v7e-m+fp/hard\libc_nano.a(lib_a-isattyr.o)
_isatty_r                                         c:/program files (x86)/gnu arm embedded toolchain/10 2021.07/bin/../lib/gcc/arm-none-eabi/10.3.1/../../../../arm-none-eabi/lib/thumb/v7e-m+fp/hard\libc_nano.a(lib_a-isattyr.o)
                                                  c:/program files (x86)/gnu arm embedded toolchain/10 2021.07/bin/../lib/gcc/arm-none-eabi/10.3.1/../../../../arm-none-eabi/lib/thumb/v7e-m+fp/hard\libc_nano.a(lib_a-makebuf.o)
_kill                                             Debug/syscalls.o
_link                                             Debug/syscalls.o
_lseek                                            Debug/syscalls.o
                                                  c:/program files (x86)/gnu arm embedded toolchain/10 2021.07/bin/../lib/gcc/arm-none-eabi/10.3.1/../../../../arm-none-eabi/lib/thumb/v7e-m+fp/hard\libc_nano.a(lib_a-lseekr.o)
_lseek_r                                          c:/program files (x86)/gnu arm embedded toolchain/10 2021.07/bin/../lib/gcc/arm-none-eabi/10.3.1/../../../../arm-none-eabi/lib/thumb/v7e-m+fp/hard\libc_nano.a(lib_a-lseekr.o)
                                                  c:/program files (x86)/gnu arm embedded toolchain/10 2021.07/bin/../lib/gcc/arm-none-eabi/10.3.1/../../../../arm-none-eabi/lib/thumb/v7e-m+fp/hard\libc_nano.a(lib_a-stdio.o)
_mainCRTStartup                                   c:/program files (x86)/gnu arm embedded toolchain/10 2021.07/bin/../lib/gcc/arm-none-eabi/10.3.1/../../../../arm-none-eabi/lib/thumb/v7e-m+fp/hard/crt0.o
_malloc_r                                         c:/program files (x86)/gnu arm embedded toolchain/10 2021.07/bin/../lib/gcc/arm-none-eabi/10.3.1/../../../../arm-none-eabi/lib/thumb/v7e-m+fp/hard\libc_nano.a(lib_a-nano-mallocr.o)
                                                  c:/program files (x86)/gnu arm embedded toolchain/10 2021.07/bin/../lib/gcc/arm-none-eabi/10.3.1/../../../../arm-none-eabi/lib/thumb/v7e-m+fp/hard\libc_nano.a(lib_a-makebuf.o)
                                                  c:/program files (x86)/gnu arm embedded toolchain/10 2021.07/bin/../lib/gcc/arm-none-eabi/10.3.1/../../../../arm-none-eabi/lib/thumb/v7e-m+fp/hard\libc_nano.a(lib_a-findfp.o)
_open                                             Debug/syscalls.o
_puts_r                                           c:/program files (x86)/gnu arm embedded toolchain/10 2021.07/bin/../lib/gcc/arm-none-eabi/10.3.1/../../../../arm-none-eabi/lib/thumb/v7e-m+fp/hard\libc_nano.a(lib_a-puts.o)
_read                                             Debug/myusart.o
                                                  c:/program files (x86)/gnu arm embedded toolchain/10 2021.07/bin/../lib/gcc/arm-none-eabi/10.3.1/../../../../arm-none-eabi/lib/thumb/v7e-m+fp/hard\libc_nano.a(lib_a-readr.o)
_read_r                                           c:/program files (x86)/gnu arm embedded toolchain/10 2021.07/bin/../lib/gcc/arm-none-eabi/10.3.1/../../../../arm-none-eabi/lib/thumb/v7e-m+fp/hard\libc_nano.a(lib_a-readr.o)
                                                  c:/program files (x86)/gnu arm embedded toolchain/10 2021.07/bin/../lib/gcc/arm-none-eabi/10.3.1/../../../../arm-none-eabi/lib/thumb/v7e-m+fp/hard\libc_nano.a(lib_a-stdio.o)
_reclaim_reent                                    c:/program files (x86)/gnu arm embedded toolchain/10 2021.07/bin/../lib/gcc/arm-none-eabi/10.3.1/../../../../arm-none-eabi/lib/thumb/v7e-m+fp/hard\libc_nano.a(lib_a-reent.o)
_sbrk                                             Debug/sysmem.o
                                                  c:/program files (x86)/gnu arm embedded toolchain/10 2021.07/bin/../lib/gcc/arm-none-eabi/10.3.1/../../../../arm-none-eabi/lib/thumb/v7e-m+fp/hard\libc_nano.a(lib_a-sbrkr.o)
_sbrk_r                                           c:/program files (x86)/gnu arm embedded toolchain/10 2021.07/bin/../lib/gcc/arm-none-eabi/10.3.1/../../../../arm-none-eabi/lib/thumb/v7e-m+fp/hard\libc_nano.a(lib_a-sbrkr.o)
                                                  c:/program files (x86)/gnu arm embedded toolchain/10 2021.07/bin/../lib/gcc/arm-none-eabi/10.3.1/../../../../arm-none-eabi/lib/thumb/v7e-m+fp/hard\libc_nano.a(lib_a-nano-mallocr.o)
_sbss                                             Debug/startup_stm32f303zetx.o
_sdata                                            Debug/startup_stm32f303zetx.o
_sidata                                           Debug/startup_stm32f303zetx.o
_stack_init                                       c:/program files (x86)/gnu arm embedded toolchain/10 2021.07/bin/../lib/gcc/arm-none-eabi/10.3.1/../../../../arm-none-eabi/lib/thumb/v7e-m+fp/hard/crt0.o
_start                                            c:/program files (x86)/gnu arm embedded toolchain/10 2021.07/bin/../lib/gcc/arm-none-eabi/10.3.1/../../../../arm-none-eabi/lib/thumb/v7e-m+fp/hard/crt0.o
_stat                                             Debug/syscalls.o
_times                                            Debug/syscalls.o
_unlink                                           Debug/syscalls.o
_wait                                             Debug/syscalls.o
_write                                            Debug/myusart.o